Archive member included to satisfy reference by file (symbol)

C:/Program Files (x86)/Arm GNU Toolchain arm-none-eabi/13.2 Rel1/bin/../lib/gcc/arm-none-eabi/13.2.1/thumb/v8-m.main+fp/hard\libgcc.a(_arm_muldf3.o)
                              ./src/thread_gpt__entry.o (__aeabi_dmul)
C:/Program Files (x86)/Arm GNU Toolchain arm-none-eabi/13.2 Rel1/bin/../lib/gcc/arm-none-eabi/13.2.1/thumb/v8-m.main+fp/hard\libgcc.a(_arm_addsubdf3.o)
                              ./src/thread_gpt__entry.o (__aeabi_ui2d)
C:/Program Files (x86)/Arm GNU Toolchain arm-none-eabi/13.2 Rel1/bin/../lib/gcc/arm-none-eabi/13.2.1/thumb/v8-m.main+fp/hard\libgcc.a(_arm_muldivdf3.o)
                              ./src/thread_gpt__entry.o (__aeabi_ddiv)
C:/Program Files (x86)/Arm GNU Toolchain arm-none-eabi/13.2 Rel1/bin/../lib/gcc/arm-none-eabi/13.2.1/thumb/v8-m.main+fp/hard\libgcc.a(_arm_fixunsdfsi.o)
                              ./src/thread_gpt__entry.o (__aeabi_d2uiz)
C:/Program Files (x86)/Arm GNU Toolchain arm-none-eabi/13.2 Rel1/bin/../lib/gcc/arm-none-eabi/13.2.1/thumb/v8-m.main+fp/hard\libgcc.a(_aeabi_ldivmod.o)
                              ./ra/fsp/src/r_sci_uart/r_sci_uart.o (__aeabi_ldivmod)
C:/Program Files (x86)/Arm GNU Toolchain arm-none-eabi/13.2 Rel1/bin/../lib/gcc/arm-none-eabi/13.2.1/thumb/v8-m.main+fp/hard\libgcc.a(_udivmoddi4.o)
                              C:/Program Files (x86)/Arm GNU Toolchain arm-none-eabi/13.2 Rel1/bin/../lib/gcc/arm-none-eabi/13.2.1/thumb/v8-m.main+fp/hard\libgcc.a(_aeabi_ldivmod.o) (__udivmoddi4)
C:/Program Files (x86)/Arm GNU Toolchain arm-none-eabi/13.2 Rel1/bin/../lib/gcc/arm-none-eabi/13.2.1/thumb/v8-m.main+fp/hard\libgcc.a(_dvmd_tls.o)
                              C:/Program Files (x86)/Arm GNU Toolchain arm-none-eabi/13.2 Rel1/bin/../lib/gcc/arm-none-eabi/13.2.1/thumb/v8-m.main+fp/hard\libgcc.a(_aeabi_ldivmod.o) (__aeabi_ldiv0)
C:/Program Files (x86)/Arm GNU Toolchain arm-none-eabi/13.2 Rel1/bin/../lib/gcc/arm-none-eabi/13.2.1/thumb/v8-m.main+fp/hard\libg_nano.a(libc_a-atoi.o)
                              ./src/thread_timer_entry.o (atoi)
C:/Program Files (x86)/Arm GNU Toolchain arm-none-eabi/13.2 Rel1/bin/../lib/gcc/arm-none-eabi/13.2.1/thumb/v8-m.main+fp/hard\libg_nano.a(libc_a-exit.o)
                              C:/Program Files (x86)/Arm GNU Toolchain arm-none-eabi/13.2 Rel1/bin/../lib/gcc/arm-none-eabi/13.2.1/thumb/v8-m.main+fp/hard/crt0.o (exit)
C:/Program Files (x86)/Arm GNU Toolchain arm-none-eabi/13.2 Rel1/bin/../lib/gcc/arm-none-eabi/13.2.1/thumb/v8-m.main+fp/hard\libg_nano.a(libc_a-strtol.o)
                              C:/Program Files (x86)/Arm GNU Toolchain arm-none-eabi/13.2 Rel1/bin/../lib/gcc/arm-none-eabi/13.2.1/thumb/v8-m.main+fp/hard\libg_nano.a(libc_a-atoi.o) (_strtol_r)
C:/Program Files (x86)/Arm GNU Toolchain arm-none-eabi/13.2 Rel1/bin/../lib/gcc/arm-none-eabi/13.2.1/thumb/v8-m.main+fp/hard\libg_nano.a(libc_a-ctype_.o)
                              ./src/thread_timer_entry.o (_ctype_)
C:/Program Files (x86)/Arm GNU Toolchain arm-none-eabi/13.2 Rel1/bin/../lib/gcc/arm-none-eabi/13.2.1/thumb/v8-m.main+fp/hard\libg_nano.a(libc_a-findfp.o)
                              C:/Program Files (x86)/Arm GNU Toolchain arm-none-eabi/13.2 Rel1/bin/../lib/gcc/arm-none-eabi/13.2.1/thumb/v8-m.main+fp/hard\libg_nano.a(libc_a-exit.o) (__stdio_exit_handler)
C:/Program Files (x86)/Arm GNU Toolchain arm-none-eabi/13.2 Rel1/bin/../lib/gcc/arm-none-eabi/13.2.1/thumb/v8-m.main+fp/hard\libg_nano.a(libc_a-fwalk.o)
                              C:/Program Files (x86)/Arm GNU Toolchain arm-none-eabi/13.2 Rel1/bin/../lib/gcc/arm-none-eabi/13.2.1/thumb/v8-m.main+fp/hard\libg_nano.a(libc_a-findfp.o) (_fwalk_sglue)
C:/Program Files (x86)/Arm GNU Toolchain arm-none-eabi/13.2 Rel1/bin/../lib/gcc/arm-none-eabi/13.2.1/thumb/v8-m.main+fp/hard\libg_nano.a(libc_a-snprintf.o)
                              ./src/thread_timer_entry.o (snprintf)
C:/Program Files (x86)/Arm GNU Toolchain arm-none-eabi/13.2 Rel1/bin/../lib/gcc/arm-none-eabi/13.2.1/thumb/v8-m.main+fp/hard\libg_nano.a(libc_a-sprintf.o)
                              ./src/thread_uart_entry.o (sprintf)
C:/Program Files (x86)/Arm GNU Toolchain arm-none-eabi/13.2 Rel1/bin/../lib/gcc/arm-none-eabi/13.2.1/thumb/v8-m.main+fp/hard\libg_nano.a(libc_a-stdio.o)
                              C:/Program Files (x86)/Arm GNU Toolchain arm-none-eabi/13.2 Rel1/bin/../lib/gcc/arm-none-eabi/13.2.1/thumb/v8-m.main+fp/hard\libg_nano.a(libc_a-findfp.o) (__sread)
C:/Program Files (x86)/Arm GNU Toolchain arm-none-eabi/13.2 Rel1/bin/../lib/gcc/arm-none-eabi/13.2.1/thumb/v8-m.main+fp/hard\libg_nano.a(libc_a-memset.o)
                              C:/Program Files (x86)/Arm GNU Toolchain arm-none-eabi/13.2 Rel1/bin/../lib/gcc/arm-none-eabi/13.2.1/thumb/v8-m.main+fp/hard/crt0.o (memset)
C:/Program Files (x86)/Arm GNU Toolchain arm-none-eabi/13.2 Rel1/bin/../lib/gcc/arm-none-eabi/13.2.1/thumb/v8-m.main+fp/hard\libg_nano.a(libc_a-strcat.o)
[...]
Memory Configuration

Name             Origin             Length             Attributes
ITCM             0x00000000         0x00000000         xr
DTCM             0x00000000         0x00000000         xrw
FLASH            0x00000000         0x00080000         xr
RAM              0x20000000         0x00020000         xrw
DATA_FLASH       0x08000000         0x00002000         xr
QSPI_FLASH       0x60000000         0x04000000         xr
OSPI_DEVICE_0    0x80020000         0x00000000         xr
OSPI_DEVICE_1    0x80030000         0x00000000         xr
OSPI_DEVICE_0_RAM 0x80020000         0x00000000         xrw
OSPI_DEVICE_1_RAM 0x80030000         0x00000000         xrw
SDRAM            0x80010000         0x00000000         xrw
OPTION_SETTING   0x0100a100         0x00000100         r
OPTION_SETTING_OFS 0x0100a100         0x00000018         r
OPTION_SETTING_SAS 0x0100a134         0x000000cc         r
OPTION_SETTING_S 0x0100a200         0x00000100         r
ID_CODE          0x00000000         0x00000000         xr
*default*        0x00000000         0xffffffff

Linker script and memory map

LOAD C:/Program Files (x86)/Arm GNU Toolchain arm-none-eabi/13.2 Rel1/bin/../lib/gcc/arm-none-eabi/13.2.1/thumb/v8-m.main+fp/hard/crti.o
LOAD C:/Program Files (x86)/Arm GNU Toolchain arm-none-eabi/13.2 Rel1/bin/../lib/gcc/arm-none-eabi/13.2.1/thumb/v8-m.main+fp/hard/crtbegin.o
LOAD C:/Program Files (x86)/Arm GNU Toolchain arm-none-eabi/13.2 Rel1/bin/../lib/gcc/arm-none-eabi/13.2.1/thumb/v8-m.main+fp/hard/crt0.o
START GROUP
LOAD ./src/common.o
LOAD ./src/hal_entry.o
LOAD ./src/thread_adc_entry.o
LOAD ./src/thread_button_entry.o
LOAD ./src/thread_gpt__entry.o
LOAD ./src/thread_timer_entry.o
LOAD ./src/thread_uart_entry.o
LOAD ./ra_gen/common_data.o
LOAD ./ra_gen/hal_data.o
LOAD ./ra_gen/main.o
LOAD ./ra_gen/pin_data.o
LOAD ./ra_gen/thread_adc.o
LOAD ./ra_gen/thread_button.o
LOAD ./ra_gen/thread_gpt_.o
LOAD ./ra_gen/thread_timer.o
LOAD ./ra_gen/thread_uart.o
LOAD ./ra_gen/vector_data.o
LOAD ./ra/fsp/src/rm_freertos_port/port.o
LOAD ./ra/fsp/src/r_sci_uart/r_sci_uart.o
LOAD ./ra/fsp/src/r_ioport/r_ioport.o
LOAD ./ra/fsp/src/r_gpt/r_gpt.o
LOAD ./ra/fsp/src/r_adc/r_adc.o
LOAD ./ra/fsp/src/bsp/mcu/all/bsp_clocks.o
LOAD ./ra/fsp/src/bsp/mcu/all/bsp_common.o
LOAD ./ra/fsp/src/bsp/mcu/all/bsp_delay.o
LOAD ./ra/fsp/src/bsp/mcu/all/bsp_group_irq.o
LOAD ./ra/fsp/src/bsp/mcu/all/bsp_guard.o
LOAD ./ra/fsp/src/bsp/mcu/all/bsp_io.o
LOAD ./ra/fsp/src/bsp/mcu/all/bsp_irq.o
LOAD ./ra/fsp/src/bsp/mcu/all/bsp_macl.o
LOAD ./ra/fsp/src/bsp/mcu/all/bsp_register_protection.o
LOAD ./ra/fsp/src/bsp/mcu/all/bsp_rom_registers.o
LOAD ./ra/fsp/src/bsp/mcu/all/bsp_sbrk.o
LOAD ./ra/fsp/src/bsp/mcu/all/bsp_sdram.o
LOAD ./ra/fsp/src/bsp/mcu/all/bsp_security.o
LOAD ./ra/fsp/src/bsp/cmsis/Device/RENESAS/Source/startup.o
LOAD ./ra/fsp/src/bsp/cmsis/Device/RENESAS/Source/system.o
LOAD ./ra/board/ra4m2_ek/board_init.o
LOAD ./ra/board/ra4m2_ek/board_leds.o
LOAD ./ra/aws/FreeRTOS/FreeRTOS/Source/event_groups.o
LOAD ./ra/aws/FreeRTOS/FreeRTOS/Source/list.o
LOAD ./ra/aws/FreeRTOS/FreeRTOS/Source/queue.o
LOAD ./ra/aws/FreeRTOS/FreeRTOS/Source/stream_buffer.o
LOAD ./ra/aws/FreeRTOS/FreeRTOS/Source/tasks.o
LOAD ./ra/aws/FreeRTOS/FreeRTOS/Source/timers.o
END GROUP
START GROUP
LOAD C:/Program Files (x86)/Arm GNU Toolchain arm-none-eabi/13.2 Rel1/bin/../lib/gcc/arm-none-eabi/13.2.1/thumb/v8-m.main+fp/hard\libgcc.a
LOAD C:/Program Files (x86)/Arm GNU Toolchain arm-none-eabi/13.2 Rel1/bin/../lib/gcc/arm-none-eabi/13.2.1/thumb/v8-m.main+fp/hard\libg_nano.a
LOAD C:/Program Files (x86)/Arm GNU Toolchain arm-none-eabi/13.2 Rel1/bin/../lib/gcc/arm-none-eabi/13.2.1/thumb/v8-m.main+fp/hard\libc_nano.a
END GROUP
START GROUP
LOAD C:/Program Files (x86)/Arm GNU Toolchain arm-none-eabi/13.2 Rel1/bin/../lib/gcc/arm-none-eabi/13.2.1/thumb/v8-m.main+fp/hard\libgcc.a
LOAD C:/Program Files (x86)/Arm GNU Toolchain arm-none-eabi/13.2 Rel1/bin/../lib/gcc/arm-none-eabi/13.2.1/thumb/v8-m.main+fp/hard\libc_nano.a
END GROUP
LOAD C:/Program Files (x86)/Arm GNU Toolchain arm-none-eabi/13.2 Rel1/bin/../lib/gcc/arm-none-eabi/13.2.1/thumb/v8-m.main+fp/hard/crtend.o
LOAD C:/Program Files (x86)/Arm GNU Toolchain arm-none-eabi/13.2 Rel1/bin/../lib/gcc/arm-none-eabi/13.2.1/thumb/v8-m.main+fp/hard/crtn.o
                0x20000000                        RAM_START = 0x20000000
                0x00020000                        RAM_LENGTH = 0x20000
                0x00000000                        FLASH_START = 0x0
                0x00080000                        FLASH_LENGTH = 0x80000
                0x08000000                        DATA_FLASH_START = 0x8000000
                0x00002000                        DATA_FLASH_LENGTH = 0x2000
                0x0100a100                        OPTION_SETTING_START = 0x100a100
                0x00000100                        OPTION_SETTING_LENGTH = 0x100
                0x0100a200                        OPTION_SETTING_S_START = 0x100a200
                0x00000100                        OPTION_SETTING_S_LENGTH = 0x100
                0x00000000                        ID_CODE_START = 0x0
                0x00000000                        ID_CODE_LENGTH = 0x0
                0x80010000                        SDRAM_START = 0x80010000
                0x00000000                        SDRAM_LENGTH = 0x0
                0x60000000                        QSPI_FLASH_START = 0x60000000
                0x04000000                        QSPI_FLASH_LENGTH = 0x4000000
                0x80020000                        OSPI_DEVICE_0_START = 0x80020000
                0x00000000                        OSPI_DEVICE_0_LENGTH = 0x0
                0x80030000                        OSPI_DEVICE_1_START = 0x80030000
                0x00000000                        OSPI_DEVICE_1_LENGTH = 0x0
                0x04000000                        QSPI_FLASH_PRV_LENGTH = DEFINED (QSPI_FLASH_SIZE)?ABSOLUTE (QSPI_FLASH_SIZE):ABSOLUTE (QSPI_FLASH_LENGTH)
                0x00000000                        OSPI_DEVICE_0_PRV_LENGTH = DEFINED (OSPI_DEVICE_0_SIZE)?ABSOLUTE (OSPI_DEVICE_0_SIZE):ABSOLUTE (OSPI_DEVICE_0_LENGTH)
                0x00000000                        OSPI_DEVICE_1_PRV_LENGTH = DEFINED (OSPI_DEVICE_1_SIZE)?ABSOLUTE (OSPI_DEVICE_1_SIZE):ABSOLUTE (OSPI_DEVICE_1_LENGTH)
                0x00000000                        __RESERVE_NS_RAM = ((! (DEFINED (PROJECT_NONSECURE)) && DEFINED (RAM_NS_BUFFER_LENGTH)) && (OPTION_SETTING_S_LENGTH != 0x0))
                0x00000000                        ITCM_START = DEFINED (ITCM_START)?ITCM_START:0x0
                0x00000000                        ITCM_LENGTH = DEFINED (ITCM_LENGTH)?ITCM_LENGTH:0x0
                0x00000000                        DTCM_START = DEFINED (DTCM_START)?DTCM_START:0x0
                0x00000000                        DTCM_LENGTH = DEFINED (DTCM_LENGTH)?DTCM_LENGTH:0x0
                0x00000000                        RAM_NS_BUFFER_BLOCK_LENGTH = DEFINED (RAM_NS_BUFFER_LENGTH)?ALIGN (RAM_NS_BUFFER_LENGTH, 0x2000):0x0
                0x00000000                        RAM_NS_BUFFER_LENGTH = DEFINED (RAM_NS_BUFFER_LENGTH)?RAM_NS_BUFFER_LENGTH:0x0
                0x20020000                        RAM_NS_BUFFER_START = ((RAM_START + RAM_LENGTH) - RAM_NS_BUFFER_LENGTH)
                0x20020000                        RAM_NS_BUFFER_BLOCK_START = ((RAM_START + RAM_LENGTH) - RAM_NS_BUFFER_BLOCK_LENGTH)
                0x0100a180                        OPTION_SETTING_START_NS = DEFINED (PROJECT_NONSECURE)?OPTION_SETTING_START:(OPTION_SETTING_START + 0x80)
                0x00000001                        __bl_FSP_BOOTABLE_IMAGE = 0x1
                0x00000001                        __bln_FSP_BOOTABLE_IMAGE = 0x1
                0x00000001                        PROJECT_SECURE_OR_FLAT = (((! (DEFINED (PROJECT_NONSECURE)) || DEFINED (PROJECT_SECURE)) && OPTION_SETTING_LENGTH) && ! (DEFINED (FSP_BOOTABLE_IMAGE)))
                0x00000000                        USE_OPTION_SETTING_NS = (DEFINED (PROJECT_NONSECURE) && ! (DEFINED (FSP_BOOTABLE_IMAGE)))
                0x00000000                        __bl_FLASH_IMAGE_START = ! (DEFINED (FLASH_BOOTLOADER_LENGTH))?0x0:(FLASH_APPLICATION_IMAGE_NUMBER == 0x1)?((FLASH_START + FLASH_BOOTLOADER_LENGTH) + FLASH_BOOTLOADER_HEADER_LENGTH):(DEFINED (BOOTLOADER_SECONDARY_USE_QSPI) || DEFINED (BOOTLOADER_SECONDARY_USE_OSPI_B))?(((FLASH_START + FLASH_BOOTLOADER_LENGTH) + FLASH_BOOTLOADER_SCRATCH_LENGTH) + FLASH_BOOTLOADER_HEADER_LENGTH):((((FLASH_START + FLASH_BOOTLOADER_LENGTH) + FLASH_BOOTLOADER_SCRATCH_LENGTH) + FLASH_APPLICATION_S_LENGTH) + FLASH_BOOTLOADER_HEADER_LENGTH)
                0x00000000                        __bl_FLASH_IMAGE_LENGTH = ! (DEFINED (FLASH_BOOTLOADER_LENGTH))?0x0:(FLASH_APPLICATION_S_LENGTH - FLASH_BOOTLOADER_HEADER_LENGTH)
                0x00000000                        __bl_FLASH_IMAGE_END = (__bl_FLASH_IMAGE_START + __bl_FLASH_IMAGE_LENGTH)
                0x00000000                        __bl_XIP_SECONDARY_FLASH_IMAGE_START = ! (DEFINED (FLASH_BOOTLOADER_LENGTH))?0x0:(((FLASH_START + FLASH_BOOTLOADER_LENGTH) + FLASH_APPLICATION_S_LENGTH) + FLASH_BOOTLOADER_HEADER_LENGTH)
                0x00000000                        __bl_XIP_SECONDARY_FLASH_IMAGE_END = (__bl_XIP_SECONDARY_FLASH_IMAGE_START + __bl_FLASH_IMAGE_LENGTH)
                0x00000000                        __bl_FLASH_NS_START = ! (DEFINED (FLASH_BOOTLOADER_LENGTH))?0x0:(FLASH_APPLICATION_NS_LENGTH == 0x0)?__bl_FLASH_IMAGE_END:((__bl_FLASH_IMAGE_START - FLASH_BOOTLOADER_HEADER_LENGTH) + FLASH_APPLICATION_S_LENGTH)
                0x00000000                        __bl_FLASH_NSC_START = ! (DEFINED (FLASH_BOOTLOADER_LENGTH))?0x0:(FLASH_APPLICATION_NS_LENGTH == 0x0)?__bl_FLASH_IMAGE_END:(__bl_FLASH_IMAGE_END - FLASH_APPLICATION_NSC_LENGTH)
                0x00000000                        __bl_RAM_NS_START = ! (DEFINED (FLASH_BOOTLOADER_LENGTH))?0x0:(FLASH_APPLICATION_NS_LENGTH == 0x0)?(RAM_START + RAM_LENGTH):((RAM_START + RAM_LENGTH) - RAM_APPLICATION_NS_LENGTH)
                0x00000000                        __bl_RAM_NSC_START = ! (DEFINED (FLASH_BOOTLOADER_LENGTH))?0x0:(FLASH_APPLICATION_NS_LENGTH == 0x0)?(RAM_START + RAM_LENGTH):(__bl_RAM_NS_START - RAM_APPLICATION_NSC_LENGTH)
                0x00000000                        __bl_FLASH_NS_IMAGE_START = ! (DEFINED (FLASH_BOOTLOADER_LENGTH))?0x0:(FLASH_APPLICATION_NS_LENGTH == 0x0)?__bl_FLASH_IMAGE_END:(__bl_FLASH_NS_START + FLASH_BOOTLOADER_HEADER_LENGTH_2)
                0x00000000                        __bln_FLASH_IMAGE_START = (__bl_FLASH_NS_IMAGE_START | ! (DEFINED (NS_OFFSET_START))?0x0:NS_OFFSET_START)
                0x00000000                        __bln_FLASH_IMAGE_LENGTH = ! (DEFINED (FLASH_BOOTLOADER_LENGTH))?0x0:(FLASH_APPLICATION_NS_LENGTH == 0x0)?__bl_FLASH_IMAGE_END:(FLASH_APPLICATION_NS_LENGTH - FLASH_BOOTLOADER_HEADER_LENGTH_2)
                0x00000000                        XIP_SECONDARY_SLOT_IMAGE = DEFINED (XIP_SECONDARY_SLOT_IMAGE)?XIP_SECONDARY_SLOT_IMAGE:0x0
                0x00000000                        FLASH_ORIGIN = ! (DEFINED (FLASH_IMAGE_START))?FLASH_START:(XIP_SECONDARY_SLOT_IMAGE == 0x1)?XIP_SECONDARY_FLASH_IMAGE_START:FLASH_IMAGE_START
                0x00080000                        LIMITED_FLASH_LENGTH = DEFINED (FLASH_IMAGE_LENGTH)?FLASH_IMAGE_LENGTH:DEFINED (FLASH_BOOTLOADER_LENGTH)?FLASH_BOOTLOADER_LENGTH:FLASH_LENGTH
                0x00000034                        OPTION_SETTING_SAS_SIZE = 0x34
                0x000000cc                        OPTION_SETTING_SAS_LENGTH = ! (DEFINED (OPTION_SETTING_LENGTH))?0x0:(OPTION_SETTING_LENGTH == 0x0)?0x0:(OPTION_SETTING_LENGTH - OPTION_SETTING_SAS_SIZE)
START GROUP
LOAD C:/Program Files (x86)/Arm GNU Toolchain arm-none-eabi/13.2 Rel1/bin/../lib/gcc/arm-none-eabi/13.2.1/thumb/v8-m.main+fp/hard\libgcc.a
LOAD C:/Program Files (x86)/Arm GNU Toolchain arm-none-eabi/13.2 Rel1/bin/../lib/gcc/arm-none-eabi/13.2.1/thumb/v8-m.main+fp/hard\libc.a
LOAD C:/Program Files (x86)/Arm GNU Toolchain arm-none-eabi/13.2 Rel1/bin/../lib/gcc/arm-none-eabi/13.2.1/thumb/v8-m.main+fp/hard\libm.a
END GROUP

.text           0x00000000     0x7a24
                0x00000000                        __tz_FLASH_S = ABSOLUTE (FLASH_START)
                0x00000000                        __ROM_Start = .
 *(.fixed_vectors*)
 .fixed_vectors
                0x00000000       0x40 ./ra/fsp/src/bsp/cmsis/Device/RENESAS/Source/startup.o
                0x00000000                __Vectors
 *(.application_vectors*)
 .application_vectors
                0x00000040      0x180 ./ra_gen/vector_data.o
                0x00000040                g_vector_table
                0x000001c0                        __Vectors_End = .
 *(.flash_gap*)
                0x000001c0                        . = (OPTION_SETTING_LENGTH > 0x0)?.:(__ROM_Start + 0x400)
 *(.rom_registers*)
 *(.mcuboot_sce9_key*)
 *(.text*)
 .text.deregister_tm_clones
                0x000001c0       0x1c C:/Program Files (x86)/Arm GNU Toolchain arm-none-eabi/13.2 Rel1/bin/../lib/gcc/arm-none-eabi/13.2.1/thumb/v8-m.main+fp/hard/crtbegin.o
 .text.register_tm_clones
                0x000001dc       0x28 C:/Program Files (x86)/Arm GNU Toolchain arm-none-eabi/13.2 Rel1/bin/../lib/gcc/arm-none-eabi/13.2.1/thumb/v8-m.main+fp/hard/crtbegin.o
 .text.__do_global_dtors_aux
                0x00000204       0x28 C:/Program Files (x86)/Arm GNU Toolchain arm-none-eabi/13.2 Rel1/bin/../lib/gcc/arm-none-eabi/13.2.1/thumb/v8-m.main+fp/hard/crtbegin.o
 .text.frame_dummy
                0x0000022c       0x24 C:/Program Files (x86)/Arm GNU Toolchain arm-none-eabi/13.2 Rel1/bin/../lib/gcc/arm-none-eabi/13.2.1/thumb/v8-m.main+fp/hard/crtbegin.o
 .text.R_BSP_WarmStart
                0x00000250       0x18 ./src/hal_entry.o
                0x00000250                R_BSP_WarmStart
 .text.adc_callback
                0x00000268       0x20 ./src/thread_adc_entry.o
                0x00000268                adc_callback
 .text.auto_on_off
                0x00000288       0x74 ./src/thread_adc_entry.o
                0x00000288                auto_on_off
 .text.ring_buf_init
                0x000002fc       0x18 ./src/thread_adc_entry.o
                0x000002fc                ring_buf_init
 .text.adc_init
                0x00000314       0x88 ./src/thread_adc_entry.o
                0x00000314                adc_init
 .text.ring_buf_push
                0x0000039c       0x58 ./src/thread_adc_entry.o
                0x0000039c                ring_buf_push
 .text.ring_buf_avg
                0x000003f4       0x16 ./src/thread_adc_entry.o
                0x000003f4                ring_buf_avg
 *fill*         0x0000040a        0x2 ff
 .text.adc_read
                0x0000040c       0x84 ./src/thread_adc_entry.o
                0x0000040c                adc_read
 .text.thread_adc_entry
                0x00000490       0x24 ./src/thread_adc_entry.o
                0x00000490                thread_adc_entry
 .text.check_btn_clicked
                0x000004b4       0x74 ./src/thread_button_entry.o
                0x000004b4                check_btn_clicked
 .text.thread_button_entry
                0x00000528       0x34 ./src/thread_button_entry.o
                0x00000528                thread_button_entry
 .text.is_RGB_LED_ON
                0x0000055c       0x24 ./src/thread_gpt__entry.o
                0x0000055c                is_RGB_LED_ON
 .text.set_duty_cycle
                0x00000580       0x4c ./src/thread_gpt__entry.o
                0x00000580                set_duty_cycle
 .text.RGB_LED_OFF
                0x000005cc       0x44 ./src/thread_gpt__entry.o
                0x000005cc                RGB_LED_OFF
 .text.RGB_LED_ON
                0x00000610       0x44 ./src/thread_gpt__entry.o
                0x00000610                RGB_LED_ON
 *fill*         0x00000654        0x4 ff
 .text.gamma_correct_duty_cycle
                0x00000658       0x3c ./src/thread_gpt__entry.o
                0x00000658                gamma_correct_duty_cycle
 .text.RGB_HALF_ON
                0x00000694       0x5c ./src/thread_gpt__entry.o
                0x00000694                RGB_HALF_ON
 .text.start_gpt
                0x000006f0       0x2c ./src/thread_gpt__entry.o
                0x000006f0                start_gpt
 .text.gpt_open
                0x0000071c       0x4c ./src/thread_gpt__entry.o
                0x0000071c                gpt_open
 .text.set_period
                0x00000768       0x2c ./src/thread_gpt__entry.o
                0x00000768                set_period
 .text.pwm_init
                0x00000794       0x8c ./src/thread_gpt__entry.o
                0x00000794                pwm_init
 .text.thread_gpt__entry
                0x00000820        0xe ./src/thread_gpt__entry.o
                0x00000820                thread_gpt__entry
 *fill*         0x0000082e        0x2 ff
 .text.write_duty_cycle
                0x00000830       0x3c ./src/thread_gpt__entry.o
                0x00000830                write_duty_cycle
 .text.set_duty_cycles_by_ratio
                0x0000086c       0xb4 ./src/thread_gpt__entry.o
                0x0000086c                set_duty_cycles_by_ratio
 .text.convert_brightness_to_duty_cycle
                0x00000920       0x16 ./src/thread_gpt__entry.o
                0x00000920                convert_brightness_to_duty_cycle
 *fill*         0x00000936        0x2 ff
 .text.handle_btn_click
                0x00000938      0x11c ./src/thread_gpt__entry.o
                0x00000938                handle_btn_click
 .text.timer_callback
                0x00000a54       0xa8 ./src/thread_timer_entry.o
                0x00000a54                timer_callback
 .text.set_timer_callback
                0x00000afc       0x30 ./src/thread_timer_entry.o
                0x00000afc                set_timer_callback
 .text.init_timer
                0x00000b2c       0x34 ./src/thread_timer_entry.o
                0x00000b2c                init_timer
 .text.set_timer
                0x00000b60       0x68 ./src/thread_timer_entry.o
                0x00000b60                set_timer
 .text.receive_command
                0x00000bc8       0x6c ./src/thread_timer_entry.o
                0x00000bc8                receive_command
 .text.command_err_handle
                0x00000c34       0x9c ./src/thread_timer_entry.o
                0x00000c34                command_err_handle
 .text.process_single_command
                0x00000cd0      0x2a8 ./src/thread_timer_entry.o
                0x00000cd0                process_single_command
 .text.process_commands
                0x00000f78       0x40 ./src/thread_timer_entry.o
                0x00000f78                process_commands
 .text.thread_timer_entry
                0x00000fb8       0x2c ./src/thread_timer_entry.o
                0x00000fb8                thread_timer_entry
 .text.write_time
                0x00000fe4       0x44 ./src/thread_timer_entry.o
                0x00000fe4                write_time
 .text.uart_callback
                0x00001028       0x84 ./src/thread_uart_entry.o
                0x00001028                uart_callback
 .text.uart_init
                0x000010ac       0xb0 ./src/thread_uart_entry.o
                0x000010ac                uart_init
 .text.thread_uart_entry
                0x0000115c       0x14 ./src/thread_uart_entry.o
                0x0000115c                thread_uart_entry
 .text.uart_write
                0x00001170       0x88 ./src/thread_uart_entry.o
                0x00001170                uart_write
 .text.g_common_init
                0x000011f8        0x2 ./ra_gen/common_data.o
                0x000011f8                g_common_init
 .text.g_hal_init
                0x000011fa        0x4 ./ra_gen/hal_data.o
                0x000011fa                g_hal_init
 .text.rtos_startup_err_callback_internal
                0x000011fe        0x4 ./ra_gen/main.o
                0x000011fe                rtos_startup_err_callback
                0x000011fe                rtos_startup_err_callback_internal
 *fill*         0x00001202        0x2 ff
 .text.rtos_startup_common_init
                0x00001204       0x5c ./ra_gen/main.o
                0x00001204                rtos_startup_common_init
 .text.startup.main
                0x00001260       0x50 ./ra_gen/main.o
                0x00001260                main
 .text.vApplicationGetIdleTaskMemory
                0x000012b0       0x18 ./ra_gen/main.o
                0x000012b0                vApplicationGetIdleTaskMemory
 .text.vApplicationGetTimerTaskMemory
                0x000012c8       0x18 ./ra_gen/main.o
                0x000012c8                vApplicationGetTimerTaskMemory
 .text.thread_adc_func
                0x000012e0       0x12 ./ra_gen/thread_adc.o
 *fill*         0x000012f2        0x2 ff
 .text.thread_adc_create
                0x000012f4       0x58 ./ra_gen/thread_adc.o
                0x000012f4                thread_adc_create
 .text.thread_button_func
                0x0000134c       0x12 ./ra_gen/thread_button.o
 *fill*         0x0000135e        0x2 ff
 .text.thread_button_create
                0x00001360       0x58 ./ra_gen/thread_button.o
                0x00001360                thread_button_create
 .text.thread_gpt__func
                0x000013b8       0x12 ./ra_gen/thread_gpt_.o
 *fill*         0x000013ca        0x2 ff
 .text.thread_gpt__create
                0x000013cc       0x58 ./ra_gen/thread_gpt_.o
                0x000013cc                thread_gpt__create
 .text.thread_timer_func
                0x00001424       0x12 ./ra_gen/thread_timer.o
 *fill*         0x00001436        0x2 ff
 .text.thread_timer_create
                0x00001438       0x58 ./ra_gen/thread_timer.o
                0x00001438                thread_timer_create
 .text.thread_uart_func
                0x00001490       0x12 ./ra_gen/thread_uart.o
 *fill*         0x000014a2        0x2 ff
 .text.thread_uart_create
                0x000014a4       0x58 ./ra_gen/thread_uart.o
                0x000014a4                thread_uart_create
 .text.prvTaskExitError
                0x000014fc        0x4 ./ra/fsp/src/rm_freertos_port/port.o
 .text.SVC_Handler
                0x00001500       0x18 ./ra/fsp/src/rm_freertos_port/port.o
                0x00001500                SVC_Handler
 .text.PendSV_Handler
                0x00001518       0x44 ./ra/fsp/src/rm_freertos_port/port.o
                0x00001518                PendSV_Handler
 .text.rm_freertos_port_restore_task_stackless
                0x0000155c       0x24 ./ra/fsp/src/rm_freertos_port/port.o
                0x0000155c                rm_freertos_port_restore_task_stackless
 .text.SysTick_Handler
                0x00001580       0x24 ./ra/fsp/src/rm_freertos_port/port.o
                0x00001580                SysTick_Handler
 .text.vPortSVCHandler_C
                0x000015a4       0x34 ./ra/fsp/src/rm_freertos_port/port.o
                0x000015a4                vPortSVCHandler_C
 .text.pxPortInitialiseStack
                0x000015d8       0x30 ./ra/fsp/src/rm_freertos_port/port.o
                0x000015d8                pxPortInitialiseStack
 .text.vPortEnterCritical
                0x00001608       0x50 ./ra/fsp/src/rm_freertos_port/port.o
                0x00001608                vPortEnterCritical
 .text.vPortExitCritical
                0x00001658       0x3c ./ra/fsp/src/rm_freertos_port/port.o
                0x00001658                vPortExitCritical
 .text.rm_freertos_port_sleep_preserving_lpm
                0x00001694       0x60 ./ra/fsp/src/rm_freertos_port/port.o
                0x00001694                rm_freertos_port_sleep_preserving_lpm
 .text.vApplicationIdleHook
                0x000016f4       0x18 ./ra/fsp/src/rm_freertos_port/port.o
                0x000016f4                vApplicationIdleHook
 .text.vPortSetupTimerInterrupt
                0x0000170c       0x34 ./ra/fsp/src/rm_freertos_port/port.o
                0x0000170c                vPortSetupTimerInterrupt
 .text.xPortStartScheduler
                0x00001740       0x3c ./ra/fsp/src/rm_freertos_port/port.o
                0x00001740                xPortStartScheduler
 .text.vPortValidateInterruptPriority
                0x0000177c       0x58 ./ra/fsp/src/rm_freertos_port/port.o
                0x0000177c                vPortValidateInterruptPriority
 .text.R_FSP_CurrentIrqGet
                0x000017d4        0xa ./ra/fsp/src/r_sci_uart/r_sci_uart.o
 *fill*         0x000017de        0x2 ff
 .text.R_BSP_IrqStatusClear
                0x000017e0       0x1c ./ra/fsp/src/r_sci_uart/r_sci_uart.o
 .text.R_BSP_IrqEnable
                0x000017fc       0x28 ./ra/fsp/src/r_sci_uart/r_sci_uart.o
 .text.R_BSP_IrqDisable
                0x00001824       0x20 ./ra/fsp/src/r_sci_uart/r_sci_uart.o
 .text.R_SCI_UART_Write
                0x00001844       0x42 ./ra/fsp/src/r_sci_uart/r_sci_uart.o
                0x00001844                R_SCI_UART_Write
 .text.R_SCI_UART_CallbackSet
                0x00001886        0xa ./ra/fsp/src/r_sci_uart/r_sci_uart.o
                0x00001886                R_SCI_UART_CallbackSet
 .text.r_sci_irq_cfg
                0x00001890       0x30 ./ra/fsp/src/r_sci_uart/r_sci_uart.o
 .text.R_SCI_UART_Open
                0x000018c0      0x1e4 ./ra/fsp/src/r_sci_uart/r_sci_uart.o
                0x000018c0                R_SCI_UART_Open
 .text.r_sci_uart_call_callback
                0x00001aa4       0x42 ./ra/fsp/src/r_sci_uart/r_sci_uart.o
 *fill*         0x00001ae6        0x2 ff
 .text.sci_uart_txi_isr
                0x00001ae8       0x78 ./ra/fsp/src/r_sci_uart/r_sci_uart.o
                0x00001ae8                sci_uart_txi_isr
 .text.sci_uart_rxi_isr
                0x00001b60       0x74 ./ra/fsp/src/r_sci_uart/r_sci_uart.o
                0x00001b60                sci_uart_rxi_isr
 .text.sci_uart_tei_isr
                0x00001bd4       0x34 ./ra/fsp/src/r_sci_uart/r_sci_uart.o
                0x00001bd4                sci_uart_tei_isr
 .text.sci_uart_eri_isr
                0x00001c08       0x58 ./ra/fsp/src/r_sci_uart/r_sci_uart.o
                0x00001c08                sci_uart_eri_isr
 .text.R_BSP_PinAccessEnable
                0x00001c60       0x2c ./ra/fsp/src/r_ioport/r_ioport.o
 .text.R_BSP_PinAccessDisable
                0x00001c8c       0x30 ./ra/fsp/src/r_ioport/r_ioport.o
 .text.R_IOPORT_PinRead
                0x00001cbc       0x1c ./ra/fsp/src/r_ioport/r_ioport.o
                0x00001cbc                R_IOPORT_PinRead
 .text.r_ioport_pfs_write
                0x00001cd8       0x34 ./ra/fsp/src/r_ioport/r_ioport.o
 .text.bsp_vbatt_init
                0x00001d0c       0x90 ./ra/fsp/src/r_ioport/r_ioport.o
 .text.r_ioport_pins_config
                0x00001d9c       0x34 ./ra/fsp/src/r_ioport/r_ioport.o
 .text.R_IOPORT_Open
                0x00001dd0       0x14 ./ra/fsp/src/r_ioport/r_ioport.o
                0x00001dd0                R_IOPORT_Open
 .text.R_BSP_IrqStatusClear
                0x00001de4       0x1c ./ra/fsp/src/r_gpt/r_gpt.o
 .text.R_BSP_IrqClearPending
                0x00001e00       0x24 ./ra/fsp/src/r_gpt/r_gpt.o
 .text.R_GPT_Start
                0x00001e24        0xa ./ra/fsp/src/r_gpt/r_gpt.o
                0x00001e24                R_GPT_Start
 .text.R_GPT_Reset
                0x00001e2e        0xa ./ra/fsp/src/r_gpt/r_gpt.o
                0x00001e2e                R_GPT_Reset
 .text.R_GPT_PeriodSet
                0x00001e38       0x34 ./ra/fsp/src/r_gpt/r_gpt.o
                0x00001e38                R_GPT_PeriodSet
 .text.R_GPT_CallbackSet
                0x00001e6c        0xa ./ra/fsp/src/r_gpt/r_gpt.o
                0x00001e6c                R_GPT_CallbackSet
 .text.gpt_hardware_events_disable
                0x00001e76       0x1c ./ra/fsp/src/r_gpt/r_gpt.o
 *fill*         0x00001e92        0x2 ff
 .text.r_gpt_enable_irq
                0x00001e94       0x34 ./ra/fsp/src/r_gpt/r_gpt.o
 .text.gpt_calculate_duty_cycle
                0x00001ec8       0x5a ./ra/fsp/src/r_gpt/r_gpt.o
 .text.R_GPT_DutyCycleSet
                0x00001f22       0xa6 ./ra/fsp/src/r_gpt/r_gpt.o
                0x00001f22                R_GPT_DutyCycleSet
 .text.r_gpt_call_callback
                0x00001fc8       0x3a ./ra/fsp/src/r_gpt/r_gpt.o
 .text.gpt_gtior_calculate.isra.0
                0x00002002       0x22 ./ra/fsp/src/r_gpt/r_gpt.o
 .text.R_GPT_Open
                0x00002024      0x1d0 ./ra/fsp/src/r_gpt/r_gpt.o
                0x00002024                R_GPT_Open
 .text.gpt_counter_overflow_isr
                0x000021f4       0x50 ./ra/fsp/src/r_gpt/r_gpt.o
                0x000021f4                gpt_counter_overflow_isr
 .text.R_BSP_IrqStatusClear
                0x00002244       0x1c ./ra/fsp/src/r_adc/r_adc.o
 .text.R_ADC_ScanStart
                0x00002260        0xa ./ra/fsp/src/r_adc/r_adc.o
                0x00002260                R_ADC_ScanStart
 .text.R_ADC_Read
                0x0000226a        0xe ./ra/fsp/src/r_adc/r_adc.o
                0x0000226a                R_ADC_Read
 .text.r_adc_irq_enable
                0x00002278       0x44 ./ra/fsp/src/r_adc/r_adc.o
 .text.r_adc_call_callback
                0x000022bc       0x4e ./ra/fsp/src/r_adc/r_adc.o
 *fill*         0x0000230a        0x2 ff
 .text.R_ADC_Open
                0x0000230c      0x128 ./ra/fsp/src/r_adc/r_adc.o
                0x0000230c                R_ADC_Open
 .text.R_ADC_ScanCfg
                0x00002434      0x1d0 ./ra/fsp/src/r_adc/r_adc.o
                0x00002434                R_ADC_ScanCfg
 .text.r_adc_scan_end_common_isr
                0x00002604       0x4c ./ra/fsp/src/r_adc/r_adc.o
 .text.adc_scan_end_isr
                0x00002650        0x6 ./ra/fsp/src/r_adc/r_adc.o
                0x00002650                adc_scan_end_isr
 *fill*         0x00002656        0x2 ff
 .text.SystemCoreClockUpdate
                0x00002658       0x28 ./ra/fsp/src/bsp/mcu/all/bsp_clocks.o
                0x00002658                SystemCoreClockUpdate
 .text.R_BSP_SubClockStabilizeWaitAfterReset
                0x00002680        0x2 ./ra/fsp/src/bsp/mcu/all/bsp_clocks.o
                0x00002680                R_BSP_SubClockStabilizeWaitAfterReset
 *fill*         0x00002682        0x2 ff
 .text.bsp_clock_init
                0x00002684      0x10c ./ra/fsp/src/bsp/mcu/all/bsp_clocks.o
                0x00002684                bsp_clock_init
 .text.R_BSP_Init_RTC
                0x00002790       0x68 ./ra/fsp/src/bsp/mcu/all/bsp_clocks.o
                0x00002790                R_BSP_Init_RTC
 .text.__assert_func
                0x000027f8        0x4 ./ra/fsp/src/bsp/mcu/all/bsp_common.o
                0x000027f8                __assert_func
 .text.bsp_prv_software_delay_loop
                0x000027fc        0xa ./ra/fsp/src/bsp/mcu/all/bsp_delay.o
                0x000027fc                bsp_prv_software_delay_loop
 *fill*         0x00002806        0x2 ff
 .text.R_BSP_SoftwareDelay
                0x00002808       0x4c ./ra/fsp/src/bsp/mcu/all/bsp_delay.o
                0x00002808                R_BSP_SoftwareDelay
 .text.NMI_Handler
                0x00002854       0x3c ./ra/fsp/src/bsp/mcu/all/bsp_group_irq.o
                0x00002854                NMI_Handler
 .text.bsp_irq_cfg
                0x00002890       0x98 ./ra/fsp/src/bsp/mcu/all/bsp_irq.o
                0x00002890                bsp_irq_cfg
 .text.R_BSP_RegisterProtectEnable
                0x00002928       0x58 ./ra/fsp/src/bsp/mcu/all/bsp_register_protection.o
                0x00002928                R_BSP_RegisterProtectEnable
 .text.R_BSP_RegisterProtectDisable
                0x00002980       0x50 ./ra/fsp/src/bsp/mcu/all/bsp_register_protection.o
                0x00002980                R_BSP_RegisterProtectDisable
 .text._sbrk    0x000029d0       0x3c ./ra/fsp/src/bsp/mcu/all/bsp_sbrk.o
                0x000029d0                _sbrk
 .text.Default_Handler
                0x00002a0c        0x4 ./ra/fsp/src/bsp/cmsis/Device/RENESAS/Source/startup.o
                0x00002a0c                HardFault_Handler
                0x00002a0c                UsageFault_Handler
                0x00002a0c                SecureFault_Handler
                0x00002a0c                Default_Handler
                0x00002a0c                MemManage_Handler
                0x00002a0c                BusFault_Handler
                0x00002a0c                DebugMon_Handler
 .text.Reset_Handler
                0x00002a10        0xc ./ra/fsp/src/bsp/cmsis/Device/RENESAS/Source/startup.o
                0x00002a10                Reset_Handler
 .text.SystemInit
                0x00002a1c       0xdc ./ra/fsp/src/bsp/cmsis/Device/RENESAS/Source/system.o
                0x00002a1c                SystemInit
 .text.bsp_init
                0x00002af8        0x2 ./ra/board/ra4m2_ek/board_init.o
                0x00002af8                bsp_init
 .text.vListInitialise
                0x00002afa       0x16 ./ra/aws/FreeRTOS/FreeRTOS/Source/list.o
                0x00002afa                vListInitialise
 .text.vListInitialiseItem
                0x00002b10        0x6 ./ra/aws/FreeRTOS/FreeRTOS/Source/list.o
                0x00002b10                vListInitialiseItem
 .text.vListInsert
                0x00002b16       0x2e ./ra/aws/FreeRTOS/FreeRTOS/Source/list.o
                0x00002b16                vListInsert
 .text.uxListRemove
                0x00002b44       0x24 ./ra/aws/FreeRTOS/FreeRTOS/Source/list.o
                0x00002b44                uxListRemove
 .text.prvIsQueueEmpty
                0x00002b68       0x16 ./ra/aws/FreeRTOS/FreeRTOS/Source/queue.o
 .text.prvCopyDataToQueue
                0x00002b7e       0x66 ./ra/aws/FreeRTOS/FreeRTOS/Source/queue.o
 .text.prvCopyDataFromQueue
                0x00002be4       0x2c ./ra/aws/FreeRTOS/FreeRTOS/Source/queue.o
 .text.prvUnlockQueue
                0x00002c10       0x6c ./ra/aws/FreeRTOS/FreeRTOS/Source/queue.o
 .text.xQueueGenericReset
                0x00002c7c       0xa0 ./ra/aws/FreeRTOS/FreeRTOS/Source/queue.o
                0x00002c7c                xQueueGenericReset
 .text.xQueueGenericCreateStatic
                0x00002d1c       0x6c ./ra/aws/FreeRTOS/FreeRTOS/Source/queue.o
                0x00002d1c                xQueueGenericCreateStatic
 .text.xQueueCreateCountingSemaphoreStatic
                0x00002d88       0x3c ./ra/aws/FreeRTOS/FreeRTOS/Source/queue.o
                0x00002d88                xQueueCreateCountingSemaphoreStatic
 .text.xQueueGenericSend
                0x00002dc4      0x164 ./ra/aws/FreeRTOS/FreeRTOS/Source/queue.o
                0x00002dc4                xQueueGenericSend
 .text.xQueueCreateMutexStatic
                0x00002f28       0x2a ./ra/aws/FreeRTOS/FreeRTOS/Source/queue.o
                0x00002f28                xQueueCreateMutexStatic
 *fill*         0x00002f52        0x2 ff
 .text.xQueueGiveFromISR
                0x00002f54       0xb4 ./ra/aws/FreeRTOS/FreeRTOS/Source/queue.o
                0x00002f54                xQueueGiveFromISR
 .text.xQueueReceive
                0x00003008      0x140 ./ra/aws/FreeRTOS/FreeRTOS/Source/queue.o
                0x00003008                xQueueReceive
 .text.xQueueSemaphoreTake
                0x00003148      0x16c ./ra/aws/FreeRTOS/FreeRTOS/Source/queue.o
                0x00003148                xQueueSemaphoreTake
 .text.vQueueAddToRegistry
                0x000032b4       0x58 ./ra/aws/FreeRTOS/FreeRTOS/Source/queue.o
                0x000032b4                vQueueAddToRegistry
 .text.vQueueWaitForMessageRestricted
                0x0000330c       0x46 ./ra/aws/FreeRTOS/FreeRTOS/Source/queue.o
                0x0000330c                vQueueWaitForMessageRestricted
 *fill*         0x00003352        0x2 ff
 .text.prvAddCurrentTaskToDelayedList
                0x00003354       0x88 ./ra/aws/FreeRTOS/FreeRTOS/Source/tasks.o
 .text.prvIdleTask
                0x000033dc       0x60 ./ra/aws/FreeRTOS/FreeRTOS/Source/tasks.o
 .text.prvResetNextTaskUnblockTime
                0x0000343c       0x24 ./ra/aws/FreeRTOS/FreeRTOS/Source/tasks.o
 .text.xTaskCreateStatic
                0x00003460      0x1ec ./ra/aws/FreeRTOS/FreeRTOS/Source/tasks.o
                0x00003460                xTaskCreateStatic
 .text.vTaskStartScheduler
                0x0000364c       0x8c ./ra/aws/FreeRTOS/FreeRTOS/Source/tasks.o
                0x0000364c                vTaskStartScheduler
 .text.vTaskSuspendAll
                0x000036d8       0x10 ./ra/aws/FreeRTOS/FreeRTOS/Source/tasks.o
                0x000036d8                vTaskSuspendAll
 .text.xTaskGetTickCount
                0x000036e8        0xc ./ra/aws/FreeRTOS/FreeRTOS/Source/tasks.o
                0x000036e8                xTaskGetTickCount
 .text.uxTaskGetNumberOfTasks
                0x000036f4        0xc ./ra/aws/FreeRTOS/FreeRTOS/Source/tasks.o
                0x000036f4                uxTaskGetNumberOfTasks
 .text.xTaskIncrementTick
                0x00003700      0x180 ./ra/aws/FreeRTOS/FreeRTOS/Source/tasks.o
                0x00003700                xTaskIncrementTick
 .text.xTaskResumeAll
                0x00003880      0x170 ./ra/aws/FreeRTOS/FreeRTOS/Source/tasks.o
                0x00003880                xTaskResumeAll
 .text.vTaskDelay
                0x000039f0       0x50 ./ra/aws/FreeRTOS/FreeRTOS/Source/tasks.o
                0x000039f0                vTaskDelay
 .text.vTaskSwitchContext
                0x00003a40       0x80 ./ra/aws/FreeRTOS/FreeRTOS/Source/tasks.o
                0x00003a40                vTaskSwitchContext
 .text.vTaskPlaceOnEventList
                0x00003ac0       0x3c ./ra/aws/FreeRTOS/FreeRTOS/Source/tasks.o
                0x00003ac0                vTaskPlaceOnEventList
 .text.vTaskPlaceOnEventListRestricted
                0x00003afc       0x64 ./ra/aws/FreeRTOS/FreeRTOS/Source/tasks.o
                0x00003afc                vTaskPlaceOnEventListRestricted
 .text.xTaskRemoveFromEventList
                0x00003b60       0xe8 ./ra/aws/FreeRTOS/FreeRTOS/Source/tasks.o
                0x00003b60                xTaskRemoveFromEventList
 .text.vTaskInternalSetTimeOutState
                0x00003c48       0x18 ./ra/aws/FreeRTOS/FreeRTOS/Source/tasks.o
                0x00003c48                vTaskInternalSetTimeOutState
 .text.xTaskCheckForTimeOut
                0x00003c60       0x7c ./ra/aws/FreeRTOS/FreeRTOS/Source/tasks.o
                0x00003c60                xTaskCheckForTimeOut
 .text.vTaskMissedYield
                0x00003cdc        0xc ./ra/aws/FreeRTOS/FreeRTOS/Source/tasks.o
                0x00003cdc                vTaskMissedYield
 .text.xTaskGetSchedulerState
                0x00003ce8       0x20 ./ra/aws/FreeRTOS/FreeRTOS/Source/tasks.o
                0x00003ce8                xTaskGetSchedulerState
 .text.xTaskPriorityInherit
                0x00003d08       0x94 ./ra/aws/FreeRTOS/FreeRTOS/Source/tasks.o
                0x00003d08                xTaskPriorityInherit
 .text.xTaskPriorityDisinherit
                0x00003d9c       0xa0 ./ra/aws/FreeRTOS/FreeRTOS/Source/tasks.o
                0x00003d9c                xTaskPriorityDisinherit
 .text.vTaskPriorityDisinheritAfterTimeout
                0x00003e3c       0xb0 ./ra/aws/FreeRTOS/FreeRTOS/Source/tasks.o
                0x00003e3c                vTaskPriorityDisinheritAfterTimeout
 .text.pvTaskIncrementMutexHeldCount
                0x00003eec       0x18 ./ra/aws/FreeRTOS/FreeRTOS/Source/tasks.o
                0x00003eec                pvTaskIncrementMutexHeldCount
 .text.prvInsertTimerInActiveList
                0x00003f04       0x3c ./ra/aws/FreeRTOS/FreeRTOS/Source/timers.o
 .text.prvReloadTimer
                0x00003f40       0x26 ./ra/aws/FreeRTOS/FreeRTOS/Source/timers.o
 *fill*         0x00003f66        0x2 ff
 .text.prvProcessExpiredTimer
                0x00003f68       0x40 ./ra/aws/FreeRTOS/FreeRTOS/Source/timers.o
 .text.prvSampleTimeNow
                0x00003fa8       0x4c ./ra/aws/FreeRTOS/FreeRTOS/Source/timers.o
 .text.prvTimerTask
                0x00003ff4      0x158 ./ra/aws/FreeRTOS/FreeRTOS/Source/timers.o
 .text.prvCheckForValidListAndQueue
                0x0000414c       0x68 ./ra/aws/FreeRTOS/FreeRTOS/Source/timers.o
 .text.xTimerCreateTimerTask
                0x000041b4       0x6c ./ra/aws/FreeRTOS/FreeRTOS/Source/timers.o
                0x000041b4                xTimerCreateTimerTask
 .text          0x00004220      0x378 C:/Program Files (x86)/Arm GNU Toolchain arm-none-eabi/13.2 Rel1/bin/../lib/gcc/arm-none-eabi/13.2.1/thumb/v8-m.main+fp/hard\libgcc.a(_arm_addsubdf3.o)
                0x00004220                __aeabi_drsub
                0x00004228                __aeabi_dsub
                0x00004228                __subdf3
                0x0000422c                __aeabi_dadd
                0x0000422c                __adddf3
                0x000044a4                __floatunsidf
                0x000044a4                __aeabi_ui2d
                0x000044c4                __floatsidf
                0x000044c4                __aeabi_i2d
                0x000044e8                __aeabi_f2d
                0x000044e8                __extendsfdf2
                0x0000452c                __floatundidf
                0x0000452c                __aeabi_ul2d
                0x0000453c                __floatdidf
                0x0000453c                __aeabi_l2d
 .text          0x00004598      0x424 C:/Program Files (x86)/Arm GNU Toolchain arm-none-eabi/13.2 Rel1/bin/../lib/gcc/arm-none-eabi/13.2.1/thumb/v8-m.main+fp/hard\libgcc.a(_arm_muldivdf3.o)
                0x00004598                __aeabi_dmul
                0x00004598                __muldf3
                0x000047ec                __divdf3
                0x000047ec                __aeabi_ddiv
 .text          0x000049bc       0x40 C:/Program Files (x86)/Arm GNU Toolchain arm-none-eabi/13.2 Rel1/bin/../lib/gcc/arm-none-eabi/13.2.1/thumb/v8-m.main+fp/hard\libgcc.a(_arm_fixunsdfsi.o)
                0x000049bc                __aeabi_d2uiz
                0x000049bc                __fixunsdfsi
 .text.atoi     0x000049fc        0x8 C:/Program Files (x86)/Arm GNU Toolchain arm-none-eabi/13.2 Rel1/bin/../lib/gcc/arm-none-eabi/13.2.1/thumb/v8-m.main+fp/hard\libg_nano.a(libc_a-atoi.o)
                0x000049fc                atoi
 .text._strtol_l.isra.0
                0x00004a04       0xf4 C:/Program Files (x86)/Arm GNU Toolchain arm-none-eabi/13.2 Rel1/bin/../lib/gcc/arm-none-eabi/13.2.1/thumb/v8-m.main+fp/hard\libg_nano.a(libc_a-strtol.o)
 .text.strtol   0x00004af8       0x14 C:/Program Files (x86)/Arm GNU Toolchain arm-none-eabi/13.2 Rel1/bin/../lib/gcc/arm-none-eabi/13.2.1/thumb/v8-m.main+fp/hard\libg_nano.a(libc_a-strtol.o)
                0x00004af8                strtol
 .text.snprintf
                0x00004b0c       0x68 C:/Program Files (x86)/Arm GNU Toolchain arm-none-eabi/13.2 Rel1/bin/../lib/gcc/arm-none-eabi/13.2.1/thumb/v8-m.main+fp/hard\libg_nano.a(libc_a-snprintf.o)
                0x00004b0c                sniprintf
                0x00004b0c                snprintf
 .text.sprintf  0x00004b74       0x40 C:/Program Files (x86)/Arm GNU Toolchain arm-none-eabi/13.2 Rel1/bin/../lib/gcc/arm-none-eabi/13.2.1/thumb/v8-m.main+fp/hard\libg_nano.a(libc_a-sprintf.o)
                0x00004b74                siprintf
                0x00004b74                sprintf
 .text.memset   0x00004bb4       0x10 C:/Program Files (x86)/Arm GNU Toolchain arm-none-eabi/13.2 Rel1/bin/../lib/gcc/arm-none-eabi/13.2.1/thumb/v8-m.main+fp/hard\libg_nano.a(libc_a-memset.o)
                0x00004bb4                memset
 .text.strcat   0x00004bc4       0x1e C:/Program Files (x86)/Arm GNU Toolchain arm-none-eabi/13.2 Rel1/bin/../lib/gcc/arm-none-eabi/13.2.1/thumb/v8-m.main+fp/hard\libg_nano.a(libc_a-strcat.o)
                0x00004bc4                strcat
 .text.strncmp  0x00004be2       0x24 C:/Program Files (x86)/Arm GNU Toolchain arm-none-eabi/13.2 Rel1/bin/../lib/gcc/arm-none-eabi/13.2.1/thumb/v8-m.main+fp/hard\libg_nano.a(libc_a-strncmp.o)
                0x00004be2                strncmp
 *fill*         0x00004c06        0x2 ff
 .text.__errno  0x00004c08        0xc C:/Program Files (x86)/Arm GNU Toolchain arm-none-eabi/13.2 Rel1/bin/../lib/gcc/arm-none-eabi/13.2.1/thumb/v8-m.main+fp/hard\libg_nano.a(libc_a-errno.o)
                0x00004c08                __errno
 .text.__retarget_lock_acquire_recursive
                0x00004c14        0x2 C:/Program Files (x86)/Arm GNU Toolchain arm-none-eabi/13.2 Rel1/bin/../lib/gcc/arm-none-eabi/13.2.1/thumb/v8-m.main+fp/hard\libg_nano.a(libc_a-lock.o)
                0x00004c14                __retarget_lock_acquire_recursive
 .text.__retarget_lock_release_recursive
                0x00004c16        0x2 C:/Program Files (x86)/Arm GNU Toolchain arm-none-eabi/13.2 Rel1/bin/../lib/gcc/arm-none-eabi/13.2.1/thumb/v8-m.main+fp/hard\libg_nano.a(libc_a-lock.o)
                0x00004c16                __retarget_lock_release_recursive
 .text.memcpy   0x00004c18       0x1a C:/Program Files (x86)/Arm GNU Toolchain arm-none-eabi/13.2 Rel1/bin/../lib/gcc/arm-none-eabi/13.2.1/thumb/v8-m.main+fp/hard\libg_nano.a(libc_a-memcpy-stub.o)
                0x00004c18                memcpy
 .text          0x00004c32       0x10 C:/Program Files (x86)/Arm GNU Toolchain arm-none-eabi/13.2 Rel1/bin/../lib/gcc/arm-none-eabi/13.2.1/thumb/v8-m.main+fp/hard\libg_nano.a(libc_a-strlen.o)
                0x00004c32                strlen
 *fill*         0x00004c42        0x2 ff
 .text._free_r  0x00004c44       0x94 C:/Program Files (x86)/Arm GNU Toolchain arm-none-eabi/13.2 Rel1/bin/../lib/gcc/arm-none-eabi/13.2.1/thumb/v8-m.main+fp/hard\libg_nano.a(libc_a-freer.o)
                0x00004c44                _free_r
 .text.sbrk_aligned
                0x00004cd8       0x44 C:/Program Files (x86)/Arm GNU Toolchain arm-none-eabi/13.2 Rel1/bin/../lib/gcc/arm-none-eabi/13.2.1/thumb/v8-m.main+fp/hard\libg_nano.a(libc_a-mallocr.o)
 .text._malloc_r
                0x00004d1c      0x100 C:/Program Files (x86)/Arm GNU Toolchain arm-none-eabi/13.2 Rel1/bin/../lib/gcc/arm-none-eabi/13.2.1/thumb/v8-m.main+fp/hard\libg_nano.a(libc_a-mallocr.o)
                0x00004d1c                _malloc_r
 .text.__malloc_lock
                0x00004e1c        0xc C:/Program Files (x86)/Arm GNU Toolchain arm-none-eabi/13.2 Rel1/bin/../lib/gcc/arm-none-eabi/13.2.1/thumb/v8-m.main+fp/hard\libg_nano.a(libc_a-mlock.o)
                0x00004e1c                __malloc_lock
 .text.__malloc_unlock
                0x00004e28        0xc C:/Program Files (x86)/Arm GNU Toolchain arm-none-eabi/13.2 Rel1/bin/../lib/gcc/arm-none-eabi/13.2.1/thumb/v8-m.main+fp/hard\libg_nano.a(libc_a-mlock.o)
                0x00004e28                __malloc_unlock
 .text.__ssputs_r
                0x00004e34       0xb6 C:/Program Files (x86)/Arm GNU Toolchain arm-none-eabi/13.2 Rel1/bin/../lib/gcc/arm-none-eabi/13.2.1/thumb/v8-m.main+fp/hard\libg_nano.a(libc_a-nano-svfprintf.o)
                0x00004e34                __ssputs_r
 *fill*         0x00004eea        0x2 ff
 .text._svfprintf_r
                0x00004eec      0x1f8 C:/Program Files (x86)/Arm GNU Toolchain arm-none-eabi/13.2 Rel1/bin/../lib/gcc/arm-none-eabi/13.2.1/thumb/v8-m.main+fp/hard\libg_nano.a(libc_a-nano-svfprintf.o)
                0x00004eec                _svfiprintf_r
                0x00004eec                _svfprintf_r
 .text._printf_common
                0x000050e4       0xe4 C:/Program Files (x86)/Arm GNU Toolchain arm-none-eabi/13.2 Rel1/bin/../lib/gcc/arm-none-eabi/13.2.1/thumb/v8-m.main+fp/hard\libg_nano.a(libc_a-nano-vfprintf_i.o)
                0x000050e4                _printf_common
 .text._printf_i
                0x000051c8      0x23c C:/Program Files (x86)/Arm GNU Toolchain arm-none-eabi/13.2 Rel1/bin/../lib/gcc/arm-none-eabi/13.2.1/thumb/v8-m.main+fp/hard\libg_nano.a(libc_a-nano-vfprintf_i.o)
                0x000051c8                _printf_i
 .text.memmove  0x00005404       0x34 C:/Program Files (x86)/Arm GNU Toolchain arm-none-eabi/13.2 Rel1/bin/../lib/gcc/arm-none-eabi/13.2.1/thumb/v8-m.main+fp/hard\libg_nano.a(libc_a-memmove.o)
                0x00005404                memmove
 .text._sbrk_r  0x00005438       0x20 C:/Program Files (x86)/Arm GNU Toolchain arm-none-eabi/13.2 Rel1/bin/../lib/gcc/arm-none-eabi/13.2.1/thumb/v8-m.main+fp/hard\libg_nano.a(libc_a-sbrkr.o)
                0x00005438                _sbrk_r
 .text.memchr   0x00005458       0x1c C:/Program Files (x86)/Arm GNU Toolchain arm-none-eabi/13.2 Rel1/bin/../lib/gcc/arm-none-eabi/13.2.1/thumb/v8-m.main+fp/hard\libg_nano.a(libc_a-memchr-stub.o)
                0x00005458                memchr
 .text._realloc_r
                0x00005474       0x5c C:/Program Files (x86)/Arm GNU Toolchain arm-none-eabi/13.2 Rel1/bin/../lib/gcc/arm-none-eabi/13.2.1/thumb/v8-m.main+fp/hard\libg_nano.a(libc_a-reallocr.o)
                0x00005474                _realloc_r
 .text._malloc_usable_size_r
                0x000054d0       0x10 C:/Program Files (x86)/Arm GNU Toolchain arm-none-eabi/13.2 Rel1/bin/../lib/gcc/arm-none-eabi/13.2.1/thumb/v8-m.main+fp/hard\libg_nano.a(libc_a-msizer.o)
                0x000054d0                _malloc_usable_size_r
 .text.pow      0x000054e0       0xf0 C:/Program Files (x86)/Arm GNU Toolchain arm-none-eabi/13.2 Rel1/bin/../lib/gcc/arm-none-eabi/13.2.1/thumb/v8-m.main+fp/hard\libm.a(libm_a-w_pow.o)
                0x000054e0                pow
 .text.finite   0x000055d0       0x1c C:/Program Files (x86)/Arm GNU Toolchain arm-none-eabi/13.2 Rel1/bin/../lib/gcc/arm-none-eabi/13.2.1/thumb/v8-m.main+fp/hard\libm.a(libm_a-s_finite.o)
                0x000055d0                finite
 *fill*         0x000055ec        0x4 ff
 .text.__ieee754_pow
                0x000055f0      0xc04 C:/Program Files (x86)/Arm GNU Toolchain arm-none-eabi/13.2 Rel1/bin/../lib/gcc/arm-none-eabi/13.2.1/thumb/v8-m.main+fp/hard\libm.a(libm_a-e_pow.o)
                0x000055f0                __ieee754_pow
 .text.fabs     0x000061f4       0x10 C:/Program Files (x86)/Arm GNU Toolchain arm-none-eabi/13.2 Rel1/bin/../lib/gcc/arm-none-eabi/13.2.1/thumb/v8-m.main+fp/hard\libm.a(libm_a-s_fabs.o)
                0x000061f4                fabs
 *fill*         0x00006204        0x4 ff
 .text.scalbn   0x00006208      0x114 C:/Program Files (x86)/Arm GNU Toolchain arm-none-eabi/13.2 Rel1/bin/../lib/gcc/arm-none-eabi/13.2.1/thumb/v8-m.main+fp/hard\libm.a(libm_a-s_scalbn.o)
                0x00006208                scalbn
 .text.with_errno
                0x0000631c       0x24 C:/Program Files (x86)/Arm GNU Toolchain arm-none-eabi/13.2 Rel1/bin/../lib/gcc/arm-none-eabi/13.2.1/thumb/v8-m.main+fp/hard\libm.a(libm_a-math_err.o)
 .text.xflow    0x00006340       0x38 C:/Program Files (x86)/Arm GNU Toolchain arm-none-eabi/13.2 Rel1/bin/../lib/gcc/arm-none-eabi/13.2.1/thumb/v8-m.main+fp/hard\libm.a(libm_a-math_err.o)
 .text.__math_uflow
                0x00006378       0x10 C:/Program Files (x86)/Arm GNU Toolchain arm-none-eabi/13.2 Rel1/bin/../lib/gcc/arm-none-eabi/13.2.1/thumb/v8-m.main+fp/hard\libm.a(libm_a-math_err.o)
                0x00006378                __math_uflow
 .text.__math_oflow
                0x00006388       0x10 C:/Program Files (x86)/Arm GNU Toolchain arm-none-eabi/13.2 Rel1/bin/../lib/gcc/arm-none-eabi/13.2.1/thumb/v8-m.main+fp/hard\libm.a(libm_a-math_err.o)
                0x00006388                __math_oflow
 .text.__ieee754_sqrt
                0x00006398      0x1e0 C:/Program Files (x86)/Arm GNU Toolchain arm-none-eabi/13.2 Rel1/bin/../lib/gcc/arm-none-eabi/13.2.1/thumb/v8-m.main+fp/hard\libm.a(libm_a-e_sqrt.o)
                0x00006398                __ieee754_sqrt
 .text          0x00006578      0x110 C:/Program Files (x86)/Arm GNU Toolchain arm-none-eabi/13.2 Rel1/bin/../lib/gcc/arm-none-eabi/13.2.1/thumb/v8-m.main+fp/hard\libgcc.a(_arm_cmpdf2.o)
                0x00006578                __gtdf2
                0x00006578                __gedf2
                0x00006580                __ltdf2
                0x00006580                __ledf2
                0x00006588                __nedf2
                0x00006588                __eqdf2
                0x00006588                __cmpdf2
                0x00006604                __aeabi_cdrcmple
                0x00006614                __aeabi_cdcmpeq
                0x00006614                __aeabi_cdcmple
                0x00006624                __aeabi_dcmpeq
                0x00006638                __aeabi_dcmplt
                0x0000664c                __aeabi_dcmple
                0x00006660                __aeabi_dcmpge
                0x00006674                __aeabi_dcmpgt
 .text          0x00006688       0x2c C:/Program Files (x86)/Arm GNU Toolchain arm-none-eabi/13.2 Rel1/bin/../lib/gcc/arm-none-eabi/13.2.1/thumb/v8-m.main+fp/hard\libgcc.a(_arm_unorddf2.o)
                0x00006688                __unorddf2
                0x00006688                __aeabi_dcmpun
 *(.version)
 .version       0x000066b4       0x50 ./ra/fsp/src/bsp/mcu/all/bsp_common.o
 *(.init)
 .init          0x00006704        0x4 C:/Program Files (x86)/Arm GNU Toolchain arm-none-eabi/13.2 Rel1/bin/../lib/gcc/arm-none-eabi/13.2.1/thumb/v8-m.main+fp/hard/crti.o
                0x00006704                _init
 .init          0x00006708        0x8 C:/Program Files (x86)/Arm GNU Toolchain arm-none-eabi/13.2 Rel1/bin/../lib/gcc/arm-none-eabi/13.2.1/thumb/v8-m.main+fp/hard/crtn.o
 *(.fini)
 .fini          0x00006710        0x4 C:/Program Files (x86)/Arm GNU Toolchain arm-none-eabi/13.2 Rel1/bin/../lib/gcc/arm-none-eabi/13.2.1/thumb/v8-m.main+fp/hard/crti.o
                0x00006710                _fini
 .fini          0x00006714        0x8 C:/Program Files (x86)/Arm GNU Toolchain arm-none-eabi/13.2 Rel1/bin/../lib/gcc/arm-none-eabi/13.2.1/thumb/v8-m.main+fp/hard/crtn.o
 *crtbegin.o(.ctors)
 *crtbegin?.o(.ctors)
 *(EXCLUDE_FILE(*crtend.o *crtend?.o) .ctors)
 *(SORT_BY_NAME(.ctors.*))
 *(.ctors)
 *crtbegin.o(.dtors)
 *crtbegin?.o(.dtors)
 *(EXCLUDE_FILE(*crtend.o *crtend?.o) .dtors)
 *(SORT_BY_NAME(.dtors.*))
 *(.dtors)
 *(.rodata*)
 .rodata.auto_on_off.str1.1
                0x0000671c      0xbfb ./src/thread_adc_entry.o
                                 0x60 (size before relaxing)
 .rodata.adc_init.str1.1
                0x00007317       0x83 ./src/thread_adc_entry.o
 .rodata.adc_read.str1.1
                0x00007317       0x64 ./src/thread_adc_entry.o
 .rodata.check_btn_clicked.str1.1
                0x00007317       0x26 ./src/thread_button_entry.o
 .rodata.start_gpt.str1.1
                0x00007317       0x2a ./src/thread_gpt__entry.o
 .rodata.gpt_open.str1.1
                0x00007317       0x28 ./src/thread_gpt__entry.o
 .rodata.set_period.str1.1
                0x00007317       0x31 ./src/thread_gpt__entry.o
 .rodata.write_duty_cycle.str1.1
                0x00007317       0x24 ./src/thread_gpt__entry.o
 .rodata.set_duty_cycles_by_ratio.str1.1
                0x00007317       0x12 ./src/thread_gpt__entry.o
 .rodata.handle_btn_click.str1.1
                0x00007317       0xa8 ./src/thread_gpt__entry.o
 .rodata.set_timer_callback.str1.1
                0x00007317       0x30 ./src/thread_timer_entry.o
 .rodata.set_timer.str1.1
                0x00007317       0x35 ./src/thread_timer_entry.o
 .rodata.command_err_handle.str1.1
                0x00007317      0x10e ./src/thread_timer_entry.o
 .rodata.process_single_command.str1.1
                0x00007317      0x156 ./src/thread_timer_entry.o
 .rodata.write_time.str1.1
                0x00007317       0x10 ./src/thread_timer_entry.o
 .rodata.uart_write.str1.1
                0x00007317       0x16 ./src/thread_uart_entry.o
 *fill*         0x00007317        0x1 ff
 .rodata.g_bsp_pin_cfg
                0x00007318        0xc ./ra_gen/pin_data.o
                0x00007318                g_bsp_pin_cfg
 .rodata.g_bsp_pin_cfg_data
                0x00007324       0xb0 ./ra_gen/pin_data.o
                0x00007324                g_bsp_pin_cfg_data
 .rodata.thread_adc_create.str1.1
                0x000073d4        0xb ./ra_gen/thread_adc.o
 .rodata.thread_adc_parameters
                0x000073d4        0x4 ./ra_gen/thread_adc.o
                0x000073d4                thread_adc_parameters
 .rodata.g_adc0_channel_cfg
                0x000073d8       0x14 ./ra_gen/thread_adc.o
                0x000073d8                g_adc0_channel_cfg
 .rodata.g_adc0_cfg
                0x000073ec       0x18 ./ra_gen/thread_adc.o
                0x000073ec                g_adc0_cfg
 .rodata.g_adc0_cfg_extend
                0x00007404        0xb ./ra_gen/thread_adc.o
                0x00007404                g_adc0_cfg_extend
 .rodata.thread_button_create.str1.1
                0x0000740f        0xe ./ra_gen/thread_button.o
 *fill*         0x0000740f        0x1 ff
 .rodata.thread_button_parameters
                0x00007410        0x4 ./ra_gen/thread_button.o
                0x00007410                thread_button_parameters
 .rodata.thread_gpt__create.str1.1
                0x00007414        0xb ./ra_gen/thread_gpt_.o
 .rodata.thread_gpt__parameters
                0x00007414        0x4 ./ra_gen/thread_gpt_.o
                0x00007414                thread_gpt__parameters
 .rodata.g_timer3_cfg
                0x00007418       0x20 ./ra_gen/thread_gpt_.o
                0x00007418                g_timer3_cfg
 .rodata.g_timer3_extend
                0x00007438       0x3c ./ra_gen/thread_gpt_.o
                0x00007438                g_timer3_extend
 .rodata.g_timer4_cfg
                0x00007474       0x20 ./ra_gen/thread_gpt_.o
                0x00007474                g_timer4_cfg
 .rodata.g_timer4_extend
                0x00007494       0x3c ./ra_gen/thread_gpt_.o
                0x00007494                g_timer4_extend
 .rodata.g_timer6_cfg
                0x000074d0       0x20 ./ra_gen/thread_gpt_.o
                0x000074d0                g_timer6_cfg
 .rodata.g_timer6_extend
                0x000074f0       0x3c ./ra_gen/thread_gpt_.o
                0x000074f0                g_timer6_extend
 .rodata.thread_timer_create.str1.1
                0x0000752c        0xd ./ra_gen/thread_timer.o
 .rodata.thread_timer_parameters
                0x0000752c        0x4 ./ra_gen/thread_timer.o
                0x0000752c                thread_timer_parameters
 .rodata.g_timer0_cfg
                0x00007530       0x20 ./ra_gen/thread_timer.o
                0x00007530                g_timer0_cfg
 .rodata.g_timer0_extend
                0x00007550       0x3c ./ra_gen/thread_timer.o
                0x00007550                g_timer0_extend
 .rodata.thread_uart_create.str1.1
                0x0000758c        0xc ./ra_gen/thread_uart.o
 .rodata.thread_uart_parameters
                0x0000758c        0x4 ./ra_gen/thread_uart.o
                0x0000758c                thread_uart_parameters
 .rodata.g_uart0_cfg
                0x00007590       0x20 ./ra_gen/thread_uart.o
                0x00007590                g_uart0_cfg
 .rodata.g_uart0_cfg_extend
                0x000075b0       0x14 ./ra_gen/thread_uart.o
                0x000075b0                g_uart0_cfg_extend
 .rodata.g_interrupt_event_link_select
                0x000075c4       0xc0 ./ra_gen/vector_data.o
                0x000075c4                g_interrupt_event_link_select
 .rodata.vPortSVCHandler_C.str1.1
                0x00007684       0x37 ./ra/fsp/src/rm_freertos_port/port.o
 .rodata.vPortEnterCritical.str1.1
                0x00007684       0x46 ./ra/fsp/src/rm_freertos_port/port.o
 .rodata.vPortExitCritical.str1.1
                0x00007684       0x12 ./ra/fsp/src/rm_freertos_port/port.o
 .rodata.vPortValidateInterruptPriority.str1.1
                0x00007684       0x61 ./ra/fsp/src/rm_freertos_port/port.o
 .rodata.__func__.0
                0x00007684       0x1f ./ra/fsp/src/rm_freertos_port/port.o
 .rodata.__func__.1
                0x000076a3       0x12 ./ra/fsp/src/rm_freertos_port/port.o
 .rodata.__func__.2
                0x000076b5       0x13 ./ra/fsp/src/rm_freertos_port/port.o
 .rodata.__func__.3
                0x000076c8       0x12 ./ra/fsp/src/rm_freertos_port/port.o
 .rodata.g_vbatt_pins_input
                0x000076da        0x6 ./ra/fsp/src/r_ioport/r_ioport.o
 .rodata.g_prcr_masks
                0x000076e0        0x8 ./ra/fsp/src/bsp/mcu/all/bsp_register_protection.o
 .rodata.xQueueGenericReset.str1.1
                0x000076e8       0x57 ./ra/aws/FreeRTOS/FreeRTOS/Source/queue.o
 .rodata.xQueueGenericCreateStatic.str1.1
                0x000076e8       0x34 ./ra/aws/FreeRTOS/FreeRTOS/Source/queue.o
 .rodata.xQueueCreateCountingSemaphoreStatic.str1.1
                0x000076e8        0x8 ./ra/aws/FreeRTOS/FreeRTOS/Source/queue.o
 .rodata.xQueueGenericSend.str1.1
                0x000076e8       0xf7 ./ra/aws/FreeRTOS/FreeRTOS/Source/queue.o
 .rodata.xQueueGenericSendFromISR.str1.1
                0x000076e8       0x22 ./ra/aws/FreeRTOS/FreeRTOS/Source/queue.o
 .rodata.xQueueGiveFromISR.str1.1
                0x000076e8       0x7a ./ra/aws/FreeRTOS/FreeRTOS/Source/queue.o
 .rodata.xQueueReceive.str1.1
                0x000076e8       0x66 ./ra/aws/FreeRTOS/FreeRTOS/Source/queue.o
 .rodata.uxQueueMessagesWaiting.str1.1
                0x000076e8        0x7 ./ra/aws/FreeRTOS/FreeRTOS/Source/queue.o
 .rodata.__func__.2
                0x000076e8       0x14 ./ra/aws/FreeRTOS/FreeRTOS/Source/queue.o
 .rodata.__func__.12
                0x000076fc       0x14 ./ra/aws/FreeRTOS/FreeRTOS/Source/queue.o
 .rodata.__func__.13
                0x00007710        0xe ./ra/aws/FreeRTOS/FreeRTOS/Source/queue.o
 .rodata.__func__.14
                0x0000771e       0x12 ./ra/aws/FreeRTOS/FreeRTOS/Source/queue.o
 .rodata.__func__.16
                0x00007730       0x12 ./ra/aws/FreeRTOS/FreeRTOS/Source/queue.o
 .rodata.__func__.17
                0x00007742       0x24 ./ra/aws/FreeRTOS/FreeRTOS/Source/queue.o
 .rodata.__func__.19
                0x00007766       0x1a ./ra/aws/FreeRTOS/FreeRTOS/Source/queue.o
 .rodata.__func__.20
                0x00007780       0x13 ./ra/aws/FreeRTOS/FreeRTOS/Source/queue.o
 .rodata.prvTaskIsTaskSuspended.str1.1
                0x00007793       0x31 ./ra/aws/FreeRTOS/FreeRTOS/Source/tasks.o
 .rodata.xTaskCreateStatic.str1.1
                0x00007793       0x64 ./ra/aws/FreeRTOS/FreeRTOS/Source/tasks.o
 .rodata.vTaskDelete.str1.1
                0x00007793       0x2b ./ra/aws/FreeRTOS/FreeRTOS/Source/tasks.o
 .rodata.vTaskStartScheduler.str1.1
                0x00007793       0x17 ./ra/aws/FreeRTOS/FreeRTOS/Source/tasks.o
 .rodata.xTaskIncrementTick.str1.1
                0x00007793       0x76 ./ra/aws/FreeRTOS/FreeRTOS/Source/tasks.o
 .rodata.xTaskResumeAll.str1.1
                0x00007793       0x2b ./ra/aws/FreeRTOS/FreeRTOS/Source/tasks.o
 .rodata.vTaskSwitchContext.str1.1
                0x00007793        0xe ./ra/aws/FreeRTOS/FreeRTOS/Source/tasks.o
 .rodata.vTaskPlaceOnEventList.str1.1
                0x00007793        0xc ./ra/aws/FreeRTOS/FreeRTOS/Source/tasks.o
 .rodata.xTaskRemoveFromEventList.str1.1
                0x00007793        0xf ./ra/aws/FreeRTOS/FreeRTOS/Source/tasks.o
 .rodata.vTaskSetTimeOutState.str1.1
                0x00007793        0xa ./ra/aws/FreeRTOS/FreeRTOS/Source/tasks.o
 .rodata.xTaskCheckForTimeOut.str1.1
                0x00007793        0xe ./ra/aws/FreeRTOS/FreeRTOS/Source/tasks.o
 .rodata.xTaskPriorityDisinherit.str1.1
                0x00007793       0x2b ./ra/aws/FreeRTOS/FreeRTOS/Source/tasks.o
 .rodata.vTaskPriorityDisinheritAfterTimeout.str1.1
                0x00007793       0x16 ./ra/aws/FreeRTOS/FreeRTOS/Source/tasks.o
 .rodata.__func__.7
                0x00007793       0x24 ./ra/aws/FreeRTOS/FreeRTOS/Source/tasks.o
 .rodata.__func__.8
                0x000077b7       0x18 ./ra/aws/FreeRTOS/FreeRTOS/Source/tasks.o
 .rodata.__func__.10
                0x000077cf       0x15 ./ra/aws/FreeRTOS/FreeRTOS/Source/tasks.o
 .rodata.__func__.13
                0x000077e4       0x19 ./ra/aws/FreeRTOS/FreeRTOS/Source/tasks.o
 .rodata.__func__.14
                0x000077fd       0x20 ./ra/aws/FreeRTOS/FreeRTOS/Source/tasks.o
 .rodata.__func__.16
                0x0000781d       0x16 ./ra/aws/FreeRTOS/FreeRTOS/Source/tasks.o
 .rodata.__func__.17
                0x00007833       0x13 ./ra/aws/FreeRTOS/FreeRTOS/Source/tasks.o
 .rodata.__func__.18
                0x00007846       0x13 ./ra/aws/FreeRTOS/FreeRTOS/Source/tasks.o
 .rodata.__func__.22
                0x00007859        0xf ./ra/aws/FreeRTOS/FreeRTOS/Source/tasks.o
 .rodata.__func__.23
                0x00007868       0x14 ./ra/aws/FreeRTOS/FreeRTOS/Source/tasks.o
 .rodata.__func__.29
                0x0000787c        0xb ./ra/aws/FreeRTOS/FreeRTOS/Source/tasks.o
 .rodata.__func__.32
                0x00007887       0x15 ./ra/aws/FreeRTOS/FreeRTOS/Source/tasks.o
 .rodata.__func__.33
                0x0000789c       0x12 ./ra/aws/FreeRTOS/FreeRTOS/Source/tasks.o
 *fill*         0x000078ae        0x2 ff
 .rodata.uxTopUsedPriority
                0x000078b0        0x4 ./ra/aws/FreeRTOS/FreeRTOS/Source/tasks.o
                0x000078b0                uxTopUsedPriority
 .rodata.prvTimerTask.str1.1
                0x000078b4       0x51 ./ra/aws/FreeRTOS/FreeRTOS/Source/timers.o
 .rodata.prvCheckForValidListAndQueue.str1.1
                0x000078b4        0x5 ./ra/aws/FreeRTOS/FreeRTOS/Source/timers.o
 .rodata.xTimerCreateTimerTask.str1.1
                0x000078b4       0x10 ./ra/aws/FreeRTOS/FreeRTOS/Source/timers.o
 .rodata.__func__.15
                0x000078b4       0x1b ./ra/aws/FreeRTOS/FreeRTOS/Source/timers.o
 .rodata.__func__.17
                0x000078cf       0x16 ./ra/aws/FreeRTOS/FreeRTOS/Source/timers.o
 .rodata._ctype_
                0x000078e5      0x101 C:/Program Files (x86)/Arm GNU Toolchain arm-none-eabi/13.2 Rel1/bin/../lib/gcc/arm-none-eabi/13.2.1/thumb/v8-m.main+fp/hard\libg_nano.a(libc_a-ctype_.o)
                0x000078e5                _ctype_
 .rodata._svfprintf_r.str1.1
                0x000079e6       0x11 C:/Program Files (x86)/Arm GNU Toolchain arm-none-eabi/13.2 Rel1/bin/../lib/gcc/arm-none-eabi/13.2.1/thumb/v8-m.main+fp/hard\libg_nano.a(libc_a-nano-svfprintf.o)
 .rodata._printf_i.str1.1
                0x000079e6       0x22 C:/Program Files (x86)/Arm GNU Toolchain arm-none-eabi/13.2 Rel1/bin/../lib/gcc/arm-none-eabi/13.2.1/thumb/v8-m.main+fp/hard\libg_nano.a(libc_a-nano-vfprintf_i.o)
 *fill*         0x000079e6        0x2 ff
 .rodata.tiny   0x000079e8        0x8 C:/Program Files (x86)/Arm GNU Toolchain arm-none-eabi/13.2 Rel1/bin/../lib/gcc/arm-none-eabi/13.2.1/thumb/v8-m.main+fp/hard\libm.a(libm_a-e_sqrt.o)
 .rodata.one    0x000079f0        0x8 C:/Program Files (x86)/Arm GNU Toolchain arm-none-eabi/13.2 Rel1/bin/../lib/gcc/arm-none-eabi/13.2.1/thumb/v8-m.main+fp/hard\libm.a(libm_a-e_sqrt.o)
                0x000079f8                        __usb_dev_descriptor_start_fs = .
 *(.usb_device_desc_fs*)
                0x000079f8                        __usb_cfg_descriptor_start_fs = .
 *(.usb_config_desc_fs*)
                0x000079f8                        __usb_interface_descriptor_start_fs = .
 *(.usb_interface_desc_fs*)
                0x000079f8                        __usb_descriptor_end_fs = .
                0x000079f8                        __usb_dev_descriptor_start_hs = .
 *(.usb_device_desc_hs*)
                0x000079f8                        __usb_cfg_descriptor_start_hs = .
 *(.usb_config_desc_hs*)
                0x000079f8                        __usb_interface_descriptor_start_hs = .
 *(.usb_interface_desc_hs*)
                0x000079f8                        __usb_descriptor_end_hs = .
 *(.eh_frame*)
 .eh_frame      0x000079f8        0x0 C:/Program Files (x86)/Arm GNU Toolchain arm-none-eabi/13.2 Rel1/bin/../lib/gcc/arm-none-eabi/13.2.1/thumb/v8-m.main+fp/hard/crtbegin.o
 .eh_frame      0x000079f8       0x28 C:/Program Files (x86)/Arm GNU Toolchain arm-none-eabi/13.2 Rel1/bin/../lib/gcc/arm-none-eabi/13.2.1/thumb/v8-m.main+fp/hard\libg_nano.a(libc_a-strlen.o)
 .eh_frame      0x00007a20        0x4 C:/Program Files (x86)/Arm GNU Toolchain arm-none-eabi/13.2 Rel1/bin/../lib/gcc/arm-none-eabi/13.2.1/thumb/v8-m.main+fp/hard/crtend.o
                0x00007a24                        __ROM_End = .
                0x000001c0                        __Vectors_Size = (__Vectors_End - __Vectors)

.glue_7         0x00007a24        0x0
 .glue_7        0x00007a24        0x0 linker stubs

.glue_7t        0x00007a24        0x0
 .glue_7t       0x00007a24        0x0 linker stubs

.vfp11_veneer   0x00007a24        0x0
 .vfp11_veneer  0x00007a24        0x0 linker stubs

.v4_bx          0x00007a24        0x0
 .v4_bx         0x00007a24        0x0 linker stubs

.iplt           0x00007a24        0x0
 .iplt          0x00007a24        0x0 C:/Program Files (x86)/Arm GNU Toolchain arm-none-eabi/13.2 Rel1/bin/../lib/gcc/arm-none-eabi/13.2.1/thumb/v8-m.main+fp/hard/crtbegin.o
                0x00007a24                        . = .
                0x00007a24                        __itcm_data_pre_location = .

.itcm_data      0x00000000        0x0 load address 0x00007a30
                0x00000000                        __tz_ITCM_S = ABSOLUTE (ITCM_START)
                0x00000000                        __itcm_data_start = .
 *(.itcm_data*)
                0x00000000                        . = ALIGN (0x8)
                0x00000000                        __itcm_data_end = .
                0x00000000                        __tz_ITCM_N = DEFINED (ITCM_NS_START)?ABSOLUTE (ITCM_NS_START):ALIGN (__itcm_data_end, 0x2000)
                0x00007a30                        __itcm_data_init_start = LOADADDR (.itcm_data)
                0x00007a30                        __itcm_data_init_end = (LOADADDR (.itcm_data) + SIZEOF (.itcm_data))
                0x00000001                        ASSERT (((ORIGIN (ITCM) % 0x8) == 0x0), ITCM memory region origin must be aligned to 8 bytes.)
                0x00000001                        ASSERT (((LENGTH (ITCM) % 0x8) == 0x0), ITCM memory region length must be a multiple of 8 bytes.)
                0x00000001                        ASSERT (((LOADADDR (.itcm_data) % 0x10) == 0x0), .itcm_data section must be aligned to 16 bytes.)
                0x00000001                        ASSERT (((SIZEOF (.itcm_data) % 0x8) == 0x0), .itcm_data section size must be a multiple of 8 bytes.)
                0x00007a24                        . = (SIZEOF (.itcm_data) > 0x0)?__itcm_data_init_end:__itcm_data_pre_location
                0x00007a24                        __exidx_start = .

/DISCARD/
 *(.ARM.extab* .gnu.linkonce.armextab.*)
 *(.ARM.exidx* .gnu.linkonce.armexidx.*)
                0x00007a24                        __exidx_end = .
                0x00007a24                        __etext = .
                0x20000000                        __tz_RAM_S = ORIGIN (RAM)

.fsp_dtc_vector_table
                0x20000000        0x0
                0x20000000                        . = ORIGIN (RAM)
 *(.fsp_dtc_vector_table)

.data           0x20000000       0x5c load address 0x00007a24
                0x20000000                        __data_start__ = .
                0x20000000                        . = ALIGN (0x4)
                0x20000000                        __Code_In_RAM_Start = .
 *(.code_in_ram*)
                0x20000000                        __Code_In_RAM_End = .
 *(vtable)
 *(.data.*)
 .data.g_uart0_baud_setting
                0x20000000        0x4 ./ra_gen/thread_uart.o
                0x20000000                g_uart0_baud_setting
 .data._impure_ptr
                0x20000004        0x4 C:/Program Files (x86)/Arm GNU Toolchain arm-none-eabi/13.2 Rel1/bin/../lib/gcc/arm-none-eabi/13.2.1/thumb/v8-m.main+fp/hard\libg_nano.a(libc_a-impure.o)
                0x20000004                _impure_ptr
 .data._impure_data
                0x20000008       0x4c C:/Program Files (x86)/Arm GNU Toolchain arm-none-eabi/13.2 Rel1/bin/../lib/gcc/arm-none-eabi/13.2.1/thumb/v8-m.main+fp/hard\libg_nano.a(libc_a-impure.o)
                0x20000008                _impure_data
 *(.data)
                0x20000054                        . = ALIGN (0x4)
                0x20000054                        PROVIDE (__preinit_array_start = .)
 *(.preinit_array)
                0x20000054                        PROVIDE (__preinit_array_end = .)
                0x20000054                        . = ALIGN (0x4)
                0x20000054                        PROVIDE (__init_array_start = .)
 *(SORT_BY_NAME(.init_array.*))
 *(.init_array)
 .init_array    0x20000054        0x4 C:/Program Files (x86)/Arm GNU Toolchain arm-none-eabi/13.2 Rel1/bin/../lib/gcc/arm-none-eabi/13.2.1/thumb/v8-m.main+fp/hard/crtbegin.o
                0x20000058                        PROVIDE (__init_array_end = .)
                0x20000058                        . = ALIGN (0x4)
                [!provide]                        PROVIDE (__fini_array_start = .)
 *(SORT_BY_NAME(.fini_array.*))
 *(.fini_array)
 .fini_array    0x20000058        0x4 C:/Program Files (x86)/Arm GNU Toolchain arm-none-eabi/13.2 Rel1/bin/../lib/gcc/arm-none-eabi/13.2.1/thumb/v8-m.main+fp/hard/crtbegin.o
                [!provide]                        PROVIDE (__fini_array_end = .)
 *(.jcr*)
                0x2000005c                        . = ALIGN (0x4)
                0x2000005c                        __data_end__ = .

.tm_clone_table
                0x2000005c        0x0 load address 0x00007a80
 .tm_clone_table
                0x2000005c        0x0 C:/Program Files (x86)/Arm GNU Toolchain arm-none-eabi/13.2 Rel1/bin/../lib/gcc/arm-none-eabi/13.2.1/thumb/v8-m.main+fp/hard/crtbegin.o
 .tm_clone_table
                0x2000005c        0x0 C:/Program Files (x86)/Arm GNU Toolchain arm-none-eabi/13.2 Rel1/bin/../lib/gcc/arm-none-eabi/13.2.1/thumb/v8-m.main+fp/hard/crtend.o

.igot.plt       0x2000005c        0x0 load address 0x00007a80
 .igot.plt      0x2000005c        0x0 C:/Program Files (x86)/Arm GNU Toolchain arm-none-eabi/13.2 Rel1/bin/../lib/gcc/arm-none-eabi/13.2.1/thumb/v8-m.main+fp/hard/crtbegin.o
                0x2000005c                        . = .
                0x00007a80                        __dtcm_data_pre_location = (LOADADDR (.data) + SIZEOF (.data))

.dtcm_data      0x00000000        0x0 load address 0x00007a80
                0x00000000                        __tz_DTCM_S = ABSOLUTE (DTCM_START)
                0x00000000                        __dtcm_data_start = .
 *(.dtcm_data*)
                0x00000000                        . = ALIGN (0x8)
                0x00000000                        __dtcm_data_end = .
                0x00000000                        . = __dtcm_data_end

.dtcm_bss       0x00000000        0x0
                0x00000000                        __dtcm_bss_start = .
 *(.dtcm_bss*)
                0x00000000                        . = ALIGN (0x8)
                0x00000000                        __dtcm_bss_end = .
                0x00000000                        __tz_DTCM_N = DEFINED (DTCM_NS_START)?ABSOLUTE (DTCM_NS_START):ALIGN (__dtcm_bss_end, 0x2000)
                0x00007a80                        __dtcm_data_init_start = LOADADDR (.dtcm_data)
                0x00007a80                        __dtcm_data_init_end = (LOADADDR (.dtcm_data) + SIZEOF (.dtcm_data))
                0x00000001                        ASSERT (((ORIGIN (DTCM) % 0x8) == 0x0), DTCM memory region origin must be aligned to 8 bytes.)
                0x00000001                        ASSERT (((LENGTH (DTCM) % 0x8) == 0x0), DTCM memory region length must be a multiple of 8 bytes.)
                0x00000001                        ASSERT ((LOADADDR (.dtcm_bss) == ADDR (.dtcm_bss)), .dtcm_bss has (VMA != LMA) but should be NOLOAD (VMA == LMA).)
                0x00000001                        ASSERT (((LOADADDR (.dtcm_data) % 0x10) == 0x0), .dtcm_data section must be aligned to 16 bytes.)
                0x00000001                        ASSERT (((SIZEOF (.dtcm_data) % 0x8) == 0x0), .dtcm_data section size must be a multiple of 8 bytes.)
                0x00000001                        ASSERT (((LOADADDR (.dtcm_bss) % 0x8) == 0x0), .dtcm_bss section must be aligned to 8 bytes.)
                0x00000001                        ASSERT (((SIZEOF (.dtcm_bss) % 0x8) == 0x0), .dtcm_bss section size must be a multiple of 8 bytes.)
                0x00000001                        ASSERT ((__dtcm_bss_start == __dtcm_data_end), .dtcm_bss section is not adjacent to .dtcm_data section.)
                0x00007a80                        . = (SIZEOF (.dtcm_data) > 0x0)?__dtcm_data_init_end:__dtcm_data_pre_location
                0x00007a80                        sgstubs_pre_location = .
                0x00007c00                        SGSTUBS_LOC = (DEFINED (PROJECT_SECURE) && DEFINED (FLASH_NSC_START))?ABSOLUTE (FLASH_NSC_START):ALIGN (0x400)

.gnu.sgstubs    0x00007c00        0x0
                0x00007c00                        __tz_FLASH_C = DEFINED (FLASH_NSC_START)?ABSOLUTE (FLASH_NSC_START):__RESERVE_NS_RAM?ABSOLUTE ((FLASH_START + FLASH_LENGTH)):ALIGN (0x400)
                0x00007c00                        _start_sg = .
 *(.gnu.sgstubs*)
                0x00007c00                        . = ALIGN (0x20)
                0x00007c00                        _end_sg = .
                0x00008000                        __tz_FLASH_N = DEFINED (FLASH_NS_START)?ABSOLUTE (FLASH_NS_START):__RESERVE_NS_RAM?ABSOLUTE ((FLASH_START + FLASH_LENGTH)):(FLASH_LENGTH < 0x8000)?FLASH_LENGTH:ALIGN (0x8000)
                0x00008000                        FLASH_NS_IMAGE_START = DEFINED (FLASH_NS_IMAGE_START)?FLASH_NS_IMAGE_START:__tz_FLASH_N
                0x60000000                        __tz_QSPI_FLASH_S = ORIGIN (QSPI_FLASH)

.qspi_flash     0x60000000        0x0
                0x60000000                        __qspi_flash_start__ = .
 *(.qspi_flash*)
 *(.code_in_qspi*)
                0x60000000                        __qspi_flash_end__ = .
                0x00000000                        __qspi_flash_code_size__ = (__qspi_flash_end__ - __qspi_flash_start__)
                0x00007a80                        __qspi_flash_code_addr__ = sgstubs_pre_location

.qspi_non_retentive
                0x60000000        0x0 load address 0x00007a80
                0x60000000                        __qspi_non_retentive_start__ = .
 *(.qspi_non_retentive*)
                0x60000000                        __qspi_non_retentive_end__ = .
                0x00000000                        __qspi_non_retentive_size__ = (__qspi_non_retentive_end__ - __qspi_non_retentive_start__)
                0x04000000                        __qspi_region_max_size__ = 0x4000000
                0x60000000                        __qspi_region_start_address__ = __qspi_flash_start__
                0x64000000                        __qspi_region_end_address__ = (__qspi_flash_start__ + __qspi_region_max_size__)
                0x60000000                        __tz_QSPI_FLASH_N = __qspi_non_retentive_end__

.OSPI_DEVICE_0_NO_LOAD
                0x80020000        0x0
                0x80020000                        . = ALIGN (0x4)
                0x80020000                        __ospi_device_0_start__ = .
 *(.ospi_device_0_no_load*)
                0x80020000                        . = ALIGN (0x4)
                0x80020000                        __ospi_device_0_end__ = .

.OSPI_DEVICE_1_NO_LOAD
                0x80030000        0x0
                0x80030000                        . = ALIGN (0x4)
                0x80030000                        __ospi_device_1_start__ = .
 *(.ospi_device_1_no_load*)
                0x80030000                        . = ALIGN (0x4)
                0x80030000                        __ospi_device_1_end__ = .
                0x80020000                        __tz_OSPI_DEVICE_0_S = ORIGIN (OSPI_DEVICE_0)

.OSPI_DEVICE_0  0x80020000        0x0
                0x80020000                        __ospi_device_0_start__ = .
 *(.ospi_device_0*)
 *(.code_in_ospi_device_0*)
                0x80020000                        __ospi_device_0_end__ = .
                0x00000000                        __ospi_device_0_code_size__ = (__ospi_device_0_end__ - __ospi_device_0_start__)
                0x00007a80                        __ospi_device_0_code_addr__ = (sgstubs_pre_location + SIZEOF (.qspi_non_retentive))

.ospi_device_0_non_retentive
                0x80020000        0x0 load address 0x00007a80
                0x80020000                        __ospi_device_0_non_retentive_start__ = .
 *(.ospi_device_0_non_retentive*)
                0x80020000                        __ospi_device_0_non_retentive_end__ = .
                0x00000000                        __ospi_device_0_non_retentive_size__ = (__ospi_device_0_non_retentive_end__ - __ospi_device_0_non_retentive_start__)
                0x08000000                        __ospi_device_0_region_max_size__ = 0x8000000
                0x80020000                        __ospi_device_0_region_start_address__ = __ospi_device_0_start__
                0x88020000                        __ospi_device_0_region_end_address__ = (__ospi_device_0_start__ + __ospi_device_0_region_max_size__)
                0x80020000                        __tz_OSPI_DEVICE_0_N = __ospi_device_0_non_retentive_end__
                0x80030000                        __tz_OSPI_DEVICE_1_S = ORIGIN (OSPI_DEVICE_1)

.OSPI_DEVICE_1  0x80030000        0x0
                0x80030000                        __ospi_device_1_start__ = .
 *(.ospi_device_1*)
 *(.code_in_ospi_device_1*)
                0x80030000                        __ospi_device_1_end__ = .
                0x00000000                        __ospi_device_1_code_size__ = (__ospi_device_1_end__ - __ospi_device_1_start__)
                0x00007a80                        __ospi_device_1_code_addr__ = (sgstubs_pre_location + (SIZEOF (.qspi_non_retentive) + SIZEOF (.ospi_device_0_non_retentive)))

.ospi_device_1_non_retentive
                0x80030000        0x0 load address 0x00007a80
                0x80030000                        __ospi_device_1_non_retentive_start__ = .
 *(.ospi_device_1_non_retentive*)
                0x80030000                        __ospi_device_1_non_retentive_end__ = .
                0x00000000                        __ospi_device_1_non_retentive_size__ = (__ospi_device_1_non_retentive_end__ - __ospi_device_1_non_retentive_start__)
                0x10000000                        __ospi_device_1_region_max_size__ = 0x10000000
                0x80030000                        __ospi_device_1_region_start_address__ = __ospi_device_1_start__
                0x90030000                        __ospi_device_1_region_end_address__ = (__ospi_device_1_start__ + __ospi_device_1_region_max_size__)
                0x80030000                        __tz_OSPI_DEVICE_1_N = __ospi_device_1_non_retentive_end__

.noinit         0x2000005c       0x1c
                0x2000005c                        . = ALIGN (0x4)
                0x2000005c                        __noinit_start = .
 *(.noinit*)
 .noinit        0x2000005c       0x1c ./ra/fsp/src/bsp/mcu/all/bsp_clocks.o
                0x20000078                        . = ALIGN (0x8)
 *(.heap.*)
                0x20000078                        __noinit_end = .

.bss            0x20000078     0x10b0
                0x20000078                        . = ALIGN (0x4)
                0x20000078                        __bss_start__ = .
 *(.bss*)
 .bss.completed.1
                0x20000078        0x1 C:/Program Files (x86)/Arm GNU Toolchain arm-none-eabi/13.2 Rel1/bin/../lib/gcc/arm-none-eabi/13.2.1/thumb/v8-m.main+fp/hard/crtbegin.o
 *fill*         0x20000079        0x3 
 .bss.object.0  0x2000007c       0x18 C:/Program Files (x86)/Arm GNU Toolchain arm-none-eabi/13.2 Rel1/bin/../lib/gcc/arm-none-eabi/13.2.1/thumb/v8-m.main+fp/hard/crtbegin.o
 .bss.xUartMutex
                0x20000094        0x4 ./src/common.o
                0x20000094                xUartMutex
 .bss.g_uart_tick_semaphore
                0x20000098        0x4 ./src/common.o
                0x20000098                g_uart_tick_semaphore
 .bss.xRxCompleteSemaphore
                0x2000009c        0x4 ./src/common.o
                0x2000009c                xRxCompleteSemaphore
 .bss.xTxCompleteSemaphore
                0x200000a0        0x4 ./src/common.o
                0x200000a0                xTxCompleteSemaphore
 .bss.g_manual_control
                0x200000a4        0x1 ./src/common.o
                0x200000a4                g_manual_control
 *fill*         0x200000a5        0x3 
 .bss.g_new_tick
                0x200000a8        0x8 ./src/common.o
                0x200000a8                g_new_tick
 .bss.g_timer_target_ticks
                0x200000b0        0x8 ./src/common.o
                0x200000b0                g_timer_target_ticks
 .bss.g_timer_set
                0x200000b8        0x1 ./src/common.o
                0x200000b8                g_timer_set
 .bss.g_is_RGB_LED_ON_by_cmd
                0x200000b9        0x1 ./src/common.o
                0x200000b9                g_is_RGB_LED_ON_by_cmd
 *fill*         0x200000ba        0x2 
 .bss.g_B_LED_duty_cycle
                0x200000bc        0x4 ./src/common.o
                0x200000bc                g_B_LED_duty_cycle
 .bss.g_G_LED_duty_cycle
                0x200000c0        0x4 ./src/common.o
                0x200000c0                g_G_LED_duty_cycle
 .bss.g_R_LED_duty_cycle
                0x200000c4        0x4 ./src/common.o
                0x200000c4                g_R_LED_duty_cycle
 .bss.g_brightness_btn_cnt
                0x200000c8        0x4 ./src/common.o
                0x200000c8                g_brightness_btn_cnt
 .bss.g_color_btn_cnt
                0x200000cc        0x4 ./src/common.o
                0x200000cc                g_color_btn_cnt
 .bss.g_brightness_btn_state
                0x200000d0        0x1 ./src/common.o
                0x200000d0                g_brightness_btn_state
 .bss.g_color_btn_state
                0x200000d1        0x1 ./src/common.o
                0x200000d1                g_color_btn_state
 .bss.g_brightness_btn_level
                0x200000d2        0x1 ./src/common.o
                0x200000d2                g_brightness_btn_level
 .bss.g_color_btn_level
                0x200000d3        0x1 ./src/common.o
                0x200000d3                g_color_btn_level
 .bss.g_adc_buffer
                0x200000d4       0x88 ./src/common.o
                0x200000d4                g_adc_buffer
 .bss.g_adc_data
                0x2000015c        0x2 ./src/common.o
                0x2000015c                g_adc_data
 *fill*         0x2000015e        0x2 
 .bss.g_new_seconds
                0x20000160        0x4 ./src/common.o
                0x20000160                g_new_seconds
 .bss.g_new_minutes
                0x20000164        0x4 ./src/common.o
                0x20000164                g_new_minutes
 .bss.g_uart_tick_output_flag
                0x20000168        0x1 ./src/common.o
                0x20000168                g_uart_tick_output_flag
 .bss.g_big_rx_buffer
                0x20000169       0x64 ./src/common.o
                0x20000169                g_big_rx_buffer
 *fill*         0x200001cd        0x1 
 .bss.g_rx_index
                0x200001ce        0x2 ./src/common.o
                0x200001ce                g_rx_index
 .bss.g_rx_buffer
                0x200001d0       0x32 ./src/common.o
                0x200001d0                g_rx_buffer
 .bss.g_tx_buffer
                0x20000202       0x32 ./src/common.o
                0x20000202                g_tx_buffer
 .bss.err       0x20000234        0x4 ./src/common.o
                0x20000234                err
 .bss.xAdcCompleteSemaphore
                0x20000238        0x4 ./src/thread_adc_entry.o
                0x20000238                xAdcCompleteSemaphore
 .bss.xAdcCompleteSemaphoreBuffer
                0x2000023c       0x48 ./src/thread_adc_entry.o
                0x2000023c                xAdcCompleteSemaphoreBuffer
 .bss.xMutexBuffer
                0x20000284       0x48 ./src/thread_uart_entry.o
                0x20000284                xMutexBuffer
 .bss.xUartTickSemaphoreBuffer
                0x200002cc       0x48 ./src/thread_uart_entry.o
                0x200002cc                xUartTickSemaphoreBuffer
 .bss.xRxCompleteSemaphoreBuffer
                0x20000314       0x48 ./src/thread_uart_entry.o
                0x20000314                xRxCompleteSemaphoreBuffer
 .bss.xTxCompleteSemaphoreBuffer
                0x2000035c       0x48 ./src/thread_uart_entry.o
                0x2000035c                xTxCompleteSemaphoreBuffer
 .bss.g_ioport_ctrl
                0x200003a4        0x8 ./ra_gen/common_data.o
                0x200003a4                g_ioport_ctrl
 .bss.uxTimerTaskStack.3
                0x200003ac      0x200 ./ra_gen/main.o
 .bss.xTimerTaskTCB.2
                0x200005ac       0x68 ./ra_gen/main.o
 .bss.uxIdleTaskStack.1
                0x20000614      0x200 ./ra_gen/main.o
 .bss.xIdleTaskTCB.0
                0x20000814       0x68 ./ra_gen/main.o
 .bss.g_fsp_common_initialized_semaphore_memory
                0x2000087c       0x48 ./ra_gen/main.o
                0x2000087c                g_fsp_common_initialized_semaphore_memory
 .bss.g_fsp_common_initialized_semaphore
                0x200008c4        0x4 ./ra_gen/main.o
                0x200008c4                g_fsp_common_initialized_semaphore
 .bss.g_fsp_common_initialized
                0x200008c8        0x1 ./ra_gen/main.o
                0x200008c8                g_fsp_common_initialized
 *fill*         0x200008c9        0x3 
 .bss.g_fsp_common_thread_count
                0x200008cc        0x4 ./ra_gen/main.o
                0x200008cc                g_fsp_common_thread_count
 .bss.g_adc0_ctrl
                0x200008d0       0x24 ./ra_gen/thread_adc.o
                0x200008d0                g_adc0_ctrl
 .bss.thread_adc
                0x200008f4        0x4 ./ra_gen/thread_adc.o
                0x200008f4                thread_adc
 .bss.thread_adc_memory
                0x200008f8       0x68 ./ra_gen/thread_adc.o
 .bss.thread_button
                0x20000960        0x4 ./ra_gen/thread_button.o
                0x20000960                thread_button
 .bss.thread_button_memory
                0x20000964       0x68 ./ra_gen/thread_button.o
 .bss.g_timer3_ctrl
                0x200009cc       0x20 ./ra_gen/thread_gpt_.o
                0x200009cc                g_timer3_ctrl
 .bss.g_timer4_ctrl
                0x200009ec       0x20 ./ra_gen/thread_gpt_.o
                0x200009ec                g_timer4_ctrl
 .bss.g_timer6_ctrl
                0x20000a0c       0x20 ./ra_gen/thread_gpt_.o
                0x20000a0c                g_timer6_ctrl
 .bss.thread_gpt_
                0x20000a2c        0x4 ./ra_gen/thread_gpt_.o
                0x20000a2c                thread_gpt_
 .bss.thread_gpt__memory
                0x20000a30       0x68 ./ra_gen/thread_gpt_.o
 .bss.g_timer0_ctrl
                0x20000a98       0x20 ./ra_gen/thread_timer.o
                0x20000a98                g_timer0_ctrl
 .bss.thread_timer
                0x20000ab8        0x4 ./ra_gen/thread_timer.o
                0x20000ab8                thread_timer
 .bss.thread_timer_memory
                0x20000abc       0x68 ./ra_gen/thread_timer.o
 .bss.g_uart0_ctrl
                0x20000b24       0x30 ./ra_gen/thread_uart.o
                0x20000b24                g_uart0_ctrl
 .bss.thread_uart
                0x20000b54        0x4 ./ra_gen/thread_uart.o
                0x20000b54                thread_uart
 .bss.thread_uart_memory
                0x20000b58       0x68 ./ra_gen/thread_uart.o
 .bss.g_mask_level_before_disable
                0x20000bc0        0x4 ./ra/fsp/src/rm_freertos_port/port.o
 .bss.uxCriticalNesting
                0x20000bc4        0x4 ./ra/fsp/src/rm_freertos_port/port.o
 .bss.g_bsp_group_irq_sources
                0x20000bc8       0x38 ./ra/fsp/src/bsp/mcu/all/bsp_group_irq.o
                0x20000bc8                g_bsp_group_irq_sources
 .bss.g_protect_pfswe_counter
                0x20000c00        0x4 ./ra/fsp/src/bsp/mcu/all/bsp_io.o
                0x20000c00                g_protect_pfswe_counter
 .bss.gp_renesas_isr_context
                0x20000c04      0x180 ./ra/fsp/src/bsp/mcu/all/bsp_irq.o
                0x20000c04                gp_renesas_isr_context
 .bss.g_protect_counters
                0x20000d84        0x8 ./ra/fsp/src/bsp/mcu/all/bsp_register_protection.o
                0x20000d84                g_protect_counters
 .bss.current_heap_end.0
                0x20000d8c        0x4 ./ra/fsp/src/bsp/mcu/all/bsp_sbrk.o
 .bss.SystemCoreClock
                0x20000d90        0x4 ./ra/fsp/src/bsp/cmsis/Device/RENESAS/Source/system.o
                0x20000d90                SystemCoreClock
 .bss.xQueueRegistry
                0x20000d94       0x50 ./ra/aws/FreeRTOS/FreeRTOS/Source/queue.o
                0x20000d94                xQueueRegistry
 .bss.uxSchedulerSuspended
                0x20000de4        0x4 ./ra/aws/FreeRTOS/FreeRTOS/Source/tasks.o
 .bss.xNextTaskUnblockTime
                0x20000de8        0x4 ./ra/aws/FreeRTOS/FreeRTOS/Source/tasks.o
 .bss.uxTaskNumber
                0x20000dec        0x4 ./ra/aws/FreeRTOS/FreeRTOS/Source/tasks.o
 .bss.xNumOfOverflows
                0x20000df0        0x4 ./ra/aws/FreeRTOS/FreeRTOS/Source/tasks.o
 .bss.xYieldPending
                0x20000df4        0x4 ./ra/aws/FreeRTOS/FreeRTOS/Source/tasks.o
 .bss.xPendedTicks
                0x20000df8        0x4 ./ra/aws/FreeRTOS/FreeRTOS/Source/tasks.o
 .bss.xSchedulerRunning
                0x20000dfc        0x4 ./ra/aws/FreeRTOS/FreeRTOS/Source/tasks.o
 .bss.uxTopReadyPriority
                0x20000e00        0x4 ./ra/aws/FreeRTOS/FreeRTOS/Source/tasks.o
 .bss.xTickCount
                0x20000e04        0x4 ./ra/aws/FreeRTOS/FreeRTOS/Source/tasks.o
 .bss.uxCurrentNumberOfTasks
                0x20000e08        0x4 ./ra/aws/FreeRTOS/FreeRTOS/Source/tasks.o
 .bss.xSuspendedTaskList
                0x20000e0c       0x14 ./ra/aws/FreeRTOS/FreeRTOS/Source/tasks.o
 .bss.uxDeletedTasksWaitingCleanUp
                0x20000e20        0x4 ./ra/aws/FreeRTOS/FreeRTOS/Source/tasks.o
 .bss.xTasksWaitingTermination
                0x20000e24       0x14 ./ra/aws/FreeRTOS/FreeRTOS/Source/tasks.o
 .bss.xPendingReadyList